Archive member included to satisfy reference by file (symbol)

e:/imt_sdk_win_64/winarm/armgcc/bin/../lib/gcc/arm-none-eabi/7.2.1/../../../../arm-none-eabi/lib/thumb/v7e-m\libg_nano.a(lib_a-errno.o)
                              ./system/src/newlib/_sbrk.o (__errno)
e:/imt_sdk_win_64/winarm/armgcc/bin/../lib/gcc/arm-none-eabi/7.2.1/../../../../arm-none-eabi/lib/thumb/v7e-m\libg_nano.a(lib_a-impure.o)
                              e:/imt_sdk_win_64/winarm/armgcc/bin/../lib/gcc/arm-none-eabi/7.2.1/../../../../arm-none-eabi/lib/thumb/v7e-m\libg_nano.a(lib_a-errno.o) (_impure_ptr)
e:/imt_sdk_win_64/winarm/armgcc/bin/../lib/gcc/arm-none-eabi/7.2.1/../../../../arm-none-eabi/lib/thumb/v7e-m\libg_nano.a(lib_a-strlen.o)
                              ./system/src/diag/Trace.o (strlen)
e:/imt_sdk_win_64/winarm/armgcc/bin/../lib/gcc/arm-none-eabi/7.2.1/../../../../arm-none-eabi/lib/thumb/v7e-m\libg_nano.a(lib_a-vsnprintf.o)
                              ./system/src/diag/Trace.o (vsnprintf)
e:/imt_sdk_win_64/winarm/armgcc/bin/../lib/gcc/arm-none-eabi/7.2.1/../../../../arm-none-eabi/lib/thumb/v7e-m\libg_nano.a(lib_a-nano-svfprintf.o)
                              e:/imt_sdk_win_64/winarm/armgcc/bin/../lib/gcc/arm-none-eabi/7.2.1/../../../../arm-none-eabi/lib/thumb/v7e-m\libg_nano.a(lib_a-vsnprintf.o) (_svfprintf_r)
e:/imt_sdk_win_64/winarm/armgcc/bin/../lib/gcc/arm-none-eabi/7.2.1/../../../../arm-none-eabi/lib/thumb/v7e-m\libg_nano.a(lib_a-nano-vfprintf_i.o)
                              e:/imt_sdk_win_64/winarm/armgcc/bin/../lib/gcc/arm-none-eabi/7.2.1/../../../../arm-none-eabi/lib/thumb/v7e-m\libg_nano.a(lib_a-nano-svfprintf.o) (_printf_i)
e:/imt_sdk_win_64/winarm/armgcc/bin/../lib/gcc/arm-none-eabi/7.2.1/../../../../arm-none-eabi/lib/thumb/v7e-m\libg_nano.a(lib_a-memchr.o)
                              e:/imt_sdk_win_64/winarm/armgcc/bin/../lib/gcc/arm-none-eabi/7.2.1/../../../../arm-none-eabi/lib/thumb/v7e-m\libg_nano.a(lib_a-nano-svfprintf.o) (memchr)
e:/imt_sdk_win_64/winarm/armgcc/bin/../lib/gcc/arm-none-eabi/7.2.1/../../../../arm-none-eabi/lib/thumb/v7e-m\libg_nano.a(lib_a-memcpy-stub.o)
                              e:/imt_sdk_win_64/winarm/armgcc/bin/../lib/gcc/arm-none-eabi/7.2.1/../../../../arm-none-eabi/lib/thumb/v7e-m\libg_nano.a(lib_a-nano-svfprintf.o) (memcpy)
e:/imt_sdk_win_64/winarm/armgcc/bin/../lib/gcc/arm-none-eabi/7.2.1/../../../../arm-none-eabi/lib/thumb/v7e-m\libg_nano.a(lib_a-memmove.o)
                              e:/imt_sdk_win_64/winarm/armgcc/bin/../lib/gcc/arm-none-eabi/7.2.1/../../../../arm-none-eabi/lib/thumb/v7e-m\libg_nano.a(lib_a-nano-svfprintf.o) (memmove)
e:/imt_sdk_win_64/winarm/armgcc/bin/../lib/gcc/arm-none-eabi/7.2.1/../../../../arm-none-eabi/lib/thumb/v7e-m\libg_nano.a(lib_a-nano-freer.o)
                              e:/imt_sdk_win_64/winarm/armgcc/bin/../lib/gcc/arm-none-eabi/7.2.1/../../../../arm-none-eabi/lib/thumb/v7e-m\libg_nano.a(lib_a-nano-svfprintf.o) (_free_r)
e:/imt_sdk_win_64/winarm/armgcc/bin/../lib/gcc/arm-none-eabi/7.2.1/../../../../arm-none-eabi/lib/thumb/v7e-m\libg_nano.a(lib_a-nano-mallocr.o)
                              e:/imt_sdk_win_64/winarm/armgcc/bin/../lib/gcc/arm-none-eabi/7.2.1/../../../../arm-none-eabi/lib/thumb/v7e-m\libg_nano.a(lib_a-nano-svfprintf.o) (_malloc_r)
e:/imt_sdk_win_64/winarm/armgcc/bin/../lib/gcc/arm-none-eabi/7.2.1/../../../../arm-none-eabi/lib/thumb/v7e-m\libg_nano.a(lib_a-nano-reallocr.o)
                              e:/imt_sdk_win_64/winarm/armgcc/bin/../lib/gcc/arm-none-eabi/7.2.1/../../../../arm-none-eabi/lib/thumb/v7e-m\libg_nano.a(lib_a-nano-svfprintf.o) (_realloc_r)
e:/imt_sdk_win_64/winarm/armgcc/bin/../lib/gcc/arm-none-eabi/7.2.1/../../../../arm-none-eabi/lib/thumb/v7e-m\libg_nano.a(lib_a-sbrkr.o)
                              e:/imt_sdk_win_64/winarm/armgcc/bin/../lib/gcc/arm-none-eabi/7.2.1/../../../../arm-none-eabi/lib/thumb/v7e-m\libg_nano.a(lib_a-nano-mallocr.o) (_sbrk_r)
e:/imt_sdk_win_64/winarm/armgcc/bin/../lib/gcc/arm-none-eabi/7.2.1/../../../../arm-none-eabi/lib/thumb/v7e-m\libg_nano.a(lib_a-mlock.o)
                              e:/imt_sdk_win_64/winarm/armgcc/bin/../lib/gcc/arm-none-eabi/7.2.1/../../../../arm-none-eabi/lib/thumb/v7e-m\libg_nano.a(lib_a-nano-freer.o) (__malloc_lock)
e:/imt_sdk_win_64/winarm/armgcc/bin/../lib/gcc/arm-none-eabi/7.2.1/../../../../arm-none-eabi/lib/thumb/v7e-m\libg_nano.a(lib_a-nano-msizer.o)
                              e:/imt_sdk_win_64/winarm/armgcc/bin/../lib/gcc/arm-none-eabi/7.2.1/../../../../arm-none-eabi/lib/thumb/v7e-m\libg_nano.a(lib_a-nano-reallocr.o) (_malloc_usable_size_r)

Allocating common symbols
Common symbol       size              file

errno               0x4               ./system/src/newlib/_syscalls.o
uwTick              0x4               ./system/src/stm32f4-hal/stm32f4xx_hal.o
pFlash              0x20              ./system/src/stm32f4-hal/stm32f4xx_hal_flash.o

Discarded input sections

[...]
Memory Configuration

Name             Origin             Length             Attributes
RAM              0x20000000         0x00010000         xrw
CCMRAM           0x10000000         0x00000000         xrw
FLASH            0x08000000         0x00040000         xr
FLASHB1          0x00000000         0x00000000         xr
EXTMEMB0         0x00000000         0x00000000         xr
EXTMEMB1         0x00000000         0x00000000         xr
EXTMEMB2         0x00000000         0x00000000         xr
EXTMEMB3         0x00000000         0x00000000         xr
*default*        0x00000000         0xffffffff

Linker script and memory map

LOAD ./system/src/stm32f4-hal/stm32f4xx_hal.o
LOAD ./system/src/stm32f4-hal/stm32f4xx_hal_cortex.o
LOAD ./system/src/stm32f4-hal/stm32f4xx_hal_dfsdm.o
LOAD ./system/src/stm32f4-hal/stm32f4xx_hal_flash.o
LOAD ./system/src/stm32f4-hal/stm32f4xx_hal_gpio.o
LOAD ./system/src/stm32f4-hal/stm32f4xx_hal_iwdg.o
LOAD ./system/src/stm32f4-hal/stm32f4xx_hal_pwr.o
LOAD ./system/src/stm32f4-hal/stm32f4xx_hal_rcc.o
LOAD ./system/src/newlib/_cxx.o
LOAD ./system/src/newlib/_exit.o
LOAD ./system/src/newlib/_sbrk.o
LOAD ./system/src/newlib/_startup.o
LOAD ./system/src/newlib/_syscalls.o
LOAD ./system/src/newlib/assert.o
LOAD ./system/src/diag/Trace.o
LOAD ./system/src/diag/trace_impl.o
LOAD ./system/src/cortexm/_initialize_hardware.o
LOAD ./system/src/cortexm/_reset_hardware.o
LOAD ./system/src/cortexm/exception_handlers.o
LOAD ./system/src/cmsis/system_stm32f4xx.o
LOAD ./system/src/cmsis/vectors_stm32f401xc.o
LOAD ./src/MCAL/MUART2/MUART2_program.o
LOAD ./src/MCAL/MUART/MUART_program.o
LOAD ./src/MCAL/MTIM2_5/MTIM2_5_program.o
LOAD ./src/MCAL/MTIM1/MTIM1_program.o
LOAD ./src/MCAL/MSTK/MSTK_program.o
LOAD ./src/MCAL/MSPI/MSPI_program.o
LOAD ./src/MCAL/MRCC/MRCC_program.o
LOAD ./src/MCAL/MNVIC/MNVIC_program.o
LOAD ./src/MCAL/MGPIO/MGPIO_program.o
LOAD ./src/MCAL/MEXTI/MEXTI_program.o
LOAD ./src/MCAL/MDMA/MDMA_program.o
LOAD ./src/HAL/LCD/LCD_program.o
LOAD ./src/HAL/DC_motor/DCMOTOR_program.o
LOAD ./src/_initialize_hardware.o
LOAD ./src/_write.o
LOAD ./src/main.o
LOAD ./src/stm32f4xx_hal_msp.o
LOAD e:/imt_sdk_win_64/winarm/armgcc/bin/../lib/gcc/arm-none-eabi/7.2.1/../../../../arm-none-eabi/lib/thumb/v7e-m\libstdc++_nano.a
LOAD e:/imt_sdk_win_64/winarm/armgcc/bin/../lib/gcc/arm-none-eabi/7.2.1/../../../../arm-none-eabi/lib/thumb/v7e-m\libm.a
START GROUP
LOAD e:/imt_sdk_win_64/winarm/armgcc/bin/../lib/gcc/arm-none-eabi/7.2.1/thumb/v7e-m\libgcc.a
LOAD e:/imt_sdk_win_64/winarm/armgcc/bin/../lib/gcc/arm-none-eabi/7.2.1/../../../../arm-none-eabi/lib/thumb/v7e-m\libg_nano.a
LOAD e:/imt_sdk_win_64/winarm/armgcc/bin/../lib/gcc/arm-none-eabi/7.2.1/../../../../arm-none-eabi/lib/thumb/v7e-m\libc_nano.a
END GROUP
START GROUP
LOAD e:/imt_sdk_win_64/winarm/armgcc/bin/../lib/gcc/arm-none-eabi/7.2.1/thumb/v7e-m\libgcc.a
LOAD e:/imt_sdk_win_64/winarm/armgcc/bin/../lib/gcc/arm-none-eabi/7.2.1/../../../../arm-none-eabi/lib/thumb/v7e-m\libc_nano.a
END GROUP
                0x20010000                __stack = (ORIGIN (RAM) + LENGTH (RAM))
                0x20010000                _estack = __stack
                0x00000400                __Main_Stack_Size = 0x400
                [!provide]                PROVIDE (_Main_Stack_Size, __Main_Stack_Size)
                0x2000fc00                __Main_Stack_Limit = (__stack - __Main_Stack_Size)
                [!provide]                PROVIDE (_Main_Stack_Limit, __Main_Stack_Limit)
                0x00000100                _Minimum_Stack_Size = 0x100
                0x20000180                PROVIDE (_Heap_Begin, _end_noinit)
                0x2000fc00                PROVIDE (_Heap_Limit, (__stack - __Main_Stack_Size))

.isr_vector     0x08000000      0x3f4
 FILL mask 0xff
                0x08000000                __vectors_start = ABSOLUTE (.)
                0x08000000                __vectors_start__ = ABSOLUTE (.)
 *(.isr_vector)
 .isr_vector    0x08000000      0x194 ./system/src/cmsis/vectors_stm32f401xc.o
                0x08000000                __isr_vectors
 *(.cfmconfig)
 *(.after_vectors .after_vectors.*)
 .after_vectors
                0x08000194      0x130 ./system/src/newlib/_startup.o
                0x08000194                _start
 .after_vectors
                0x080002c4      0x12c ./system/src/cortexm/exception_handlers.o
                0x080002c4                Reset_Handler
                0x080002ca                NMI_Handler
                0x080002ce                HardFault_Handler
                0x080002e2                HardFault_Handler_C
                0x08000340                MemManage_Handler
                0x08000344                BusFault_Handler
                0x08000358                BusFault_Handler_C
                0x0800038c                UsageFault_Handler
                0x080003a0                UsageFault_Handler_C
                0x080003d4                SVC_Handler
                0x080003d8                DebugMon_Handler
                0x080003dc                PendSV_Handler
 .after_vectors
                0x080003f0        0x4 ./system/src/cmsis/vectors_stm32f401xc.o
                0x080003f0                RTC_Alarm_IRQHandler
                0x080003f0                SPI4_IRQHandler
                0x080003f0                PVD_IRQHandler
                0x080003f0                SDIO_IRQHandler
                0x080003f0                TAMP_STAMP_IRQHandler
                0x080003f0                TIM1_UP_TIM10_IRQHandler
                0x080003f0                I2C3_ER_IRQHandler
                0x080003f0                I2C2_EV_IRQHandler
                0x080003f0                FPU_IRQHandler
                0x080003f0                SPI1_IRQHandler
                0x080003f0                TIM1_BRK_TIM9_IRQHandler
                0x080003f0                USART6_IRQHandler
                0x080003f0                I2C1_EV_IRQHandler
                0x080003f0                RCC_IRQHandler
                0x080003f0                Default_Handler
                0x080003f0                ADC_IRQHandler
                0x080003f0                I2C3_EV_IRQHandler
                0x080003f0                RTC_WKUP_IRQHandler
                0x080003f0                SPI2_IRQHandler
                0x080003f0                WWDG_IRQHandler
                0x080003f0                OTG_FS_WKUP_IRQHandler
                0x080003f0                TIM1_TRG_COM_TIM11_IRQHandler
                0x080003f0                I2C2_ER_IRQHandler
                0x080003f0                FLASH_IRQHandler
                0x080003f0                OTG_FS_IRQHandler
                0x080003f0                SPI3_IRQHandler
                0x080003f0                I2C1_ER_IRQHandler

.inits          0x080003f4       0x28
                0x080003f4                __data_regions_array_start = .
                0x080003f4        0x4 LONG 0x8002908 LOADADDR (.data)
                0x080003f8        0x4 LONG 0x20000000 ADDR (.data)
                0x080003fc        0x4 LONG 0x20000078 (ADDR (.data) + SIZEOF (.data))
                0x08000400        0x4 LONG 0x8002908 LOADADDR (.data_CCMRAM)
                0x08000404        0x4 LONG 0x10000000 ADDR (.data_CCMRAM)
                0x08000408        0x4 LONG 0x10000000 (ADDR (.data_CCMRAM) + SIZEOF (.data_CCMRAM))
                0x0800040c                __data_regions_array_end = .
                0x0800040c                __bss_regions_array_start = .
                0x0800040c        0x4 LONG 0x20000078 ADDR (.bss)
                0x08000410        0x4 LONG 0x20000180 (ADDR (.bss) + SIZEOF (.bss))
                0x08000414        0x4 LONG 0x10000000 ADDR (.bss_CCMRAM)
                0x08000418        0x4 LONG 0x10000000 (ADDR (.bss_CCMRAM) + SIZEOF (.bss_CCMRAM))
                0x0800041c                __bss_regions_array_end = .
 *(.init)
 *(.fini)
                0x0800041c                . = ALIGN (0x4)
                0x0800041c                PROVIDE (__preinit_array_start, .)
 *(.preinit_array_sysinit .preinit_array_sysinit.*)
 *(.preinit_array_platform .preinit_array_platform.*)
 *(.preinit_array .preinit_array.*)
                0x0800041c                PROVIDE (__preinit_array_end, .)
                0x0800041c                . = ALIGN (0x4)
                0x0800041c                PROVIDE (__init_array_start, .)
 *(SORT_BY_NAME(.init_array.*))
 *(.init_array)
                0x0800041c                PROVIDE (__init_array_end, .)
                0x0800041c                . = ALIGN (0x4)
                0x0800041c                PROVIDE (__fini_array_start, .)
 *(SORT_BY_NAME(.fini_array.*))
 *(.fini_array)
                0x0800041c                PROVIDE (__fini_array_end, .)

.flashtext
 *(.flashtext .flashtext.*)

.text           0x08000420     0x24e7
 *(.text .text.*)
 .text.HAL_InitTick
                0x08000420       0x2c ./system/src/stm32f4-hal/stm32f4xx_hal.o
                0x08000420                HAL_InitTick
 .text.HAL_Init
                0x0800044c       0x34 ./system/src/stm32f4-hal/stm32f4xx_hal.o
                0x0800044c                HAL_Init
 .text.HAL_GetTick
                0x08000480        0xc ./system/src/stm32f4-hal/stm32f4xx_hal.o
                0x08000480                HAL_GetTick
 .text.HAL_NVIC_SetPriorityGrouping
                0x0800048c       0x3c ./system/src/stm32f4-hal/stm32f4xx_hal_cortex.o
                0x0800048c                HAL_NVIC_SetPriorityGrouping
 .text.HAL_NVIC_SetPriority
                0x080004c8       0x8c ./system/src/stm32f4-hal/stm32f4xx_hal_cortex.o
                0x080004c8                HAL_NVIC_SetPriority
 .text.HAL_SYSTICK_Config
                0x08000554       0x2c ./system/src/stm32f4-hal/stm32f4xx_hal_cortex.o
                0x08000554                HAL_SYSTICK_Config
 .text.HAL_SYSTICK_CLKSourceConfig
                0x08000580       0x3c ./system/src/stm32f4-hal/stm32f4xx_hal_cortex.o
                0x08000580                HAL_SYSTICK_CLKSourceConfig
 .text.HAL_RCC_OscConfig
                0x080005bc      0x43c ./system/src/stm32f4-hal/stm32f4xx_hal_rcc.o
                0x080005bc                HAL_RCC_OscConfig
 .text.HAL_RCC_GetSysClockFreq
                0x080009f8       0x88 ./system/src/stm32f4-hal/stm32f4xx_hal_rcc.o
                0x080009f8                HAL_RCC_GetSysClockFreq
 .text.HAL_RCC_ClockConfig
                0x08000a80      0x258 ./system/src/stm32f4-hal/stm32f4xx_hal_rcc.o
                0x08000a80                HAL_RCC_ClockConfig
 .text.HAL_RCC_GetHCLKFreq
                0x08000cd8        0xc ./system/src/stm32f4-hal/stm32f4xx_hal_rcc.o
                0x08000cd8                HAL_RCC_GetHCLKFreq
 .text._exit    0x08000ce4        0x2 ./system/src/newlib/_exit.o
                0x08000ce4                _exit
 *fill*         0x08000ce6        0x2 
 .text.abort    0x08000ce8       0x14 ./system/src/newlib/_exit.o
                0x08000ce8                abort
 .text._sbrk    0x08000cfc       0x44 ./system/src/newlib/_sbrk.o
                0x08000cfc                _sbrk
 .text.__initialize_args
                0x08000d40       0x10 ./system/src/newlib/_syscalls.o
                0x08000d40                __initialize_args
 .text.assert_failed
                0x08000d50       0x14 ./system/src/newlib/assert.o
                0x08000d50                assert_failed
 .text.trace_printf
                0x08000d64       0x30 ./system/src/diag/Trace.o
                0x08000d64                trace_printf
 .text.trace_puts
                0x08000d94       0x20 ./system/src/diag/Trace.o
                0x08000d94                trace_puts
 .text._trace_write_semihosting_debug
                0x08000db4       0x60 ./system/src/diag/trace_impl.o
 .text.trace_write
                0x08000e14        0x8 ./system/src/diag/trace_impl.o
                0x08000e14                trace_write
 .text.__initialize_hardware_early
                0x08000e1c       0x18 ./system/src/cortexm/_initialize_hardware.o
                0x08000e1c                __initialize_hardware_early
 .text.dumpExceptionStack
                0x08000e34       0xf4 ./system/src/cortexm/exception_handlers.o
                0x08000e34                dumpExceptionStack
 .text.isSemihosting
                0x08000f28       0x20 ./system/src/cortexm/exception_handlers.o
                0x08000f28                isSemihosting
 .text.SystemInit
                0x08000f48       0x40 ./system/src/cmsis/system_stm32f4xx.o
                0x08000f48                SystemInit
 .text.SystemCoreClockUpdate
                0x08000f88       0x9c ./system/src/cmsis/system_stm32f4xx.o
                0x08000f88                SystemCoreClockUpdate
 .text.USART2_IRQHandler
                0x08001024       0x10 ./src/MCAL/MUART2/MUART2_program.o
                0x08001024                USART2_IRQHandler
 .text.USART1_IRQHandler
                0x08001034       0x10 ./src/MCAL/MUART/MUART_program.o
                0x08001034                USART1_IRQHandler
 .text.TIM2_5_voidPWM_Init
                0x08001044      0x284 ./src/MCAL/MTIM2_5/MTIM2_5_program.o
                0x08001044                TIM2_5_voidPWM_Init
 .text.TIM2_5_voidSetPWM
                0x080012c8      0x100 ./src/MCAL/MTIM2_5/MTIM2_5_program.o
                0x080012c8                TIM2_5_voidSetPWM
 .text.TIM2_IRQHandler
                0x080013c8        0x2 ./src/MCAL/MTIM2_5/MTIM2_5_program.o
                0x080013c8                TIM2_IRQHandler
 *fill*         0x080013ca        0x2 
 .text.TIM3_IRQHandler
                0x080013cc       0x10 ./src/MCAL/MTIM2_5/MTIM2_5_program.o
                0x080013cc                TIM3_IRQHandler
 .text.TIM4_IRQHandler
                0x080013dc       0x10 ./src/MCAL/MTIM2_5/MTIM2_5_program.o
                0x080013dc                TIM4_IRQHandler
 .text.TIM5_IRQHandler
                0x080013ec       0x10 ./src/MCAL/MTIM2_5/MTIM2_5_program.o
                0x080013ec                TIM5_IRQHandler
 .text.TIM1_CC_IRQHandler
                0x080013fc       0x10 ./src/MCAL/MTIM1/MTIM1_program.o
                0x080013fc                TIM1_CC_IRQHandler
 .text.SysTick_Handler
                0x0800140c       0x2c ./src/MCAL/MSTK/MSTK_program.o
                0x0800140c                SysTick_Handler
 .text.MRCC_voidInitializeSystemClock
                0x08001438       0x28 ./src/MCAL/MRCC/MRCC_program.o
                0x08001438                MRCC_voidInitializeSystemClock
 .text.MRCC_voidEnablePeripheralClock
                0x08001460       0xb0 ./src/MCAL/MRCC/MRCC_program.o
                0x08001460                MRCC_voidEnablePeripheralClock
 .text.MNVIC_voidEnableInterrupt
                0x08001510       0x18 ./src/MCAL/MNVIC/MNVIC_program.o
                0x08001510                MNVIC_voidEnableInterrupt
 .text.MGPIO_voidSetPinMode
                0x08001528       0x70 ./src/MCAL/MGPIO/MGPIO_program.o
                0x08001528                MGPIO_voidSetPinMode
 .text.MGPIO_voidSetPullType
                0x08001598       0x70 ./src/MCAL/MGPIO/MGPIO_program.o
                0x08001598                MGPIO_voidSetPullType
 .text.MGPIO_u8GetPinValue
                0x08001608       0x40 ./src/MCAL/MGPIO/MGPIO_program.o
                0x08001608                MGPIO_u8GetPinValue
 .text.MGPIO_voidSetPinValue
                0x08001648       0x94 ./src/MCAL/MGPIO/MGPIO_program.o
                0x08001648                MGPIO_voidSetPinValue
 .text.MGPIO_voidSetAltFunc
                0x080016dc       0xd8 ./src/MCAL/MGPIO/MGPIO_program.o
                0x080016dc                MGPIO_voidSetAltFunc
 .text.MEXTI_voidEnableEXTI
                0x080017b4       0x14 ./src/MCAL/MEXTI/MEXTI_program.o
                0x080017b4                MEXTI_voidEnableEXTI
 .text.MEXTI_voidTriggerSource
                0x080017c8       0x58 ./src/MCAL/MEXTI/MEXTI_program.o
                0x080017c8                MEXTI_voidTriggerSource
 .text.MEXTI_voidSelectPort
                0x08001820       0xa8 ./src/MCAL/MEXTI/MEXTI_program.o
                0x08001820                MEXTI_voidSelectPort
 .text.MEXTI_voidSetCallBack
                0x080018c8       0x14 ./src/MCAL/MEXTI/MEXTI_program.o
                0x080018c8                MEXTI_voidSetCallBack
 .text.EXTI0_IRQHandler
                0x080018dc       0x20 ./src/MCAL/MEXTI/MEXTI_program.o
                0x080018dc                EXTI0_IRQHandler
 .text.EXTI1_IRQHandler
                0x080018fc       0x20 ./src/MCAL/MEXTI/MEXTI_program.o
                0x080018fc                EXTI1_IRQHandler
 .text.EXTI2_IRQHandler
                0x0800191c       0x20 ./src/MCAL/MEXTI/MEXTI_program.o
                0x0800191c                EXTI2_IRQHandler
 .text.EXTI3_IRQHandler
                0x0800193c       0x20 ./src/MCAL/MEXTI/MEXTI_program.o
                0x0800193c                EXTI3_IRQHandler
 .text.EXTI4_IRQHandler
                0x0800195c       0x20 ./src/MCAL/MEXTI/MEXTI_program.o
                0x0800195c                EXTI4_IRQHandler
 .text.EXTI9_5_IRQHandler
                0x0800197c       0x28 ./src/MCAL/MEXTI/MEXTI_program.o
                0x0800197c                EXTI9_5_IRQHandler
 .text.EXTI15_10_IRQHandler
                0x080019a4       0x28 ./src/MCAL/MEXTI/MEXTI_program.o
                0x080019a4                EXTI15_10_IRQHandler
 .text.DMA1_Stream0_IRQHandler
                0x080019cc       0x10 ./src/MCAL/MDMA/MDMA_program.o
                0x080019cc                DMA1_Stream0_IRQHandler
 .text.DMA1_Stream1_IRQHandler
                0x080019dc       0x10 ./src/MCAL/MDMA/MDMA_program.o
                0x080019dc                DMA1_Stream1_IRQHandler
 .text.DMA1_Stream2_IRQHandler
                0x080019ec       0x10 ./src/MCAL/MDMA/MDMA_program.o
                0x080019ec                DMA1_Stream2_IRQHandler
 .text.DMA1_Stream3_IRQHandler
                0x080019fc       0x10 ./src/MCAL/MDMA/MDMA_program.o
                0x080019fc                DMA1_Stream3_IRQHandler
 .text.DMA1_Stream4_IRQHandler
                0x08001a0c       0x10 ./src/MCAL/MDMA/MDMA_program.o
                0x08001a0c                DMA1_Stream4_IRQHandler
 .text.DMA1_Stream5_IRQHandler
                0x08001a1c       0x10 ./src/MCAL/MDMA/MDMA_program.o
                0x08001a1c                DMA1_Stream5_IRQHandler
 .text.DMA1_Stream6_IRQHandler
                0x08001a2c       0x10 ./src/MCAL/MDMA/MDMA_program.o
                0x08001a2c                DMA1_Stream6_IRQHandler
 .text.DMA1_Stream7_IRQHandler
                0x08001a3c       0x10 ./src/MCAL/MDMA/MDMA_program.o
                0x08001a3c                DMA1_Stream7_IRQHandler
 .text.DMA2_Stream0_IRQHandler
                0x08001a4c       0x10 ./src/MCAL/MDMA/MDMA_program.o
                0x08001a4c                DMA2_Stream0_IRQHandler
 .text.DMA2_Stream1_IRQHandler
                0x08001a5c       0x10 ./src/MCAL/MDMA/MDMA_program.o
                0x08001a5c                DMA2_Stream1_IRQHandler
 .text.DMA2_Stream2_IRQHandler
                0x08001a6c       0x10 ./src/MCAL/MDMA/MDMA_program.o
                0x08001a6c                DMA2_Stream2_IRQHandler
 .text.DMA2_Stream3_IRQHandler
                0x08001a7c       0x10 ./src/MCAL/MDMA/MDMA_program.o
                0x08001a7c                DMA2_Stream3_IRQHandler
 .text.DMA2_Stream4_IRQHandler
                0x08001a8c       0x10 ./src/MCAL/MDMA/MDMA_program.o
                0x08001a8c                DMA2_Stream4_IRQHandler
 .text.DMA2_Stream5_IRQHandler
                0x08001a9c       0x10 ./src/MCAL/MDMA/MDMA_program.o
                0x08001a9c                DMA2_Stream5_IRQHandler
 .text.DMA2_Stream6_IRQHandler
                0x08001aac       0x10 ./src/MCAL/MDMA/MDMA_program.o
                0x08001aac                DMA2_Stream6_IRQHandler
 .text.DMA2_Stream7_IRQHandler
                0x08001abc       0x10 ./src/MCAL/MDMA/MDMA_program.o
                0x08001abc                DMA2_Stream7_IRQHandler
 .text.DCMOTOR_voidInit
                0x08001acc       0x64 ./src/HAL/DC_motor/DCMOTOR_program.o
                0x08001acc                DCMOTOR_voidInit
 .text.DCMOTOR_voidSetDirection
                0x08001b30       0x48 ./src/HAL/DC_motor/DCMOTOR_program.o
                0x08001b30                DCMOTOR_voidSetDirection
 .text.DCMOTOR_voidSetSpeed
                0x08001b78       0x28 ./src/HAL/DC_motor/DCMOTOR_program.o
                0x08001b78                DCMOTOR_voidSetSpeed
 .text.DCMOTOR_voidStop
                0x08001ba0       0x38 ./src/HAL/DC_motor/DCMOTOR_program.o
                0x08001ba0                DCMOTOR_voidStop
 .text.SystemClock_Config
                0x08001bd8       0x98 ./src/_initialize_hardware.o
                0x08001bd8                SystemClock_Config
 .text.__initialize_hardware
                0x08001c70       0x10 ./src/_initialize_hardware.o
                0x08001c70                __initialize_hardware
 .text.LD_IRsenseRight
                0x08001c80       0x36 ./src/main.o
                0x08001c80                LD_IRsenseRight
 .text.LD_IRsenseLeft
                0x08001cb6       0x36 ./src/main.o
                0x08001cb6                LD_IRsenseLeft
 .text.main     0x08001cec       0xd8 ./src/main.o
                0x08001cec                main
 .text.HAL_MspInit
                0x08001dc4        0x2 ./src/stm32f4xx_hal_msp.o
                0x08001dc4                HAL_MspInit
 *fill*         0x08001dc6        0x2 
 .text.__errno  0x08001dc8        0xc e:/imt_sdk_win_64/winarm/armgcc/bin/../lib/gcc/arm-none-eabi/7.2.1/../../../../arm-none-eabi/lib/thumb/v7e-m\libg_nano.a(lib_a-errno.o)
                0x08001dc8                __errno
 .text          0x08001dd4       0x10 e:/imt_sdk_win_64/winarm/armgcc/bin/../lib/gcc/arm-none-eabi/7.2.1/../../../../arm-none-eabi/lib/thumb/v7e-m\libg_nano.a(lib_a-strlen.o)
                0x08001dd4                strlen
 .text._vsnprintf_r
                0x08001de4       0x58 e:/imt_sdk_win_64/winarm/armgcc/bin/../lib/gcc/arm-none-eabi/7.2.1/../../../../arm-none-eabi/lib/thumb/v7e-m\libg_nano.a(lib_a-vsnprintf.o)
                0x08001de4                _vsniprintf_r
                0x08001de4                _vsnprintf_r
 .text.vsnprintf
                0x08001e3c       0x1c e:/imt_sdk_win_64/winarm/armgcc/bin/../lib/gcc/arm-none-eabi/7.2.1/../../../../arm-none-eabi/lib/thumb/v7e-m\libg_nano.a(lib_a-vsnprintf.o)
                0x08001e3c                vsniprintf
                0x08001e3c                vsnprintf
 .text.__ssputs_r
                0x08001e58       0xb4 e:/imt_sdk_win_64/winarm/armgcc/bin/../lib/gcc/arm-none-eabi/7.2.1/../../../../arm-none-eabi/lib/thumb/v7e-m\libg_nano.a(lib_a-nano-svfprintf.o)
                0x08001e58                __ssputs_r
 .text._svfprintf_r
                0x08001f0c      0x1ec e:/imt_sdk_win_64/winarm/armgcc/bin/../lib/gcc/arm-none-eabi/7.2.1/../../../../arm-none-eabi/lib/thumb/v7e-m\libg_nano.a(lib_a-nano-svfprintf.o)
                0x08001f0c                _svfiprintf_r
                0x08001f0c                _svfprintf_r
 .text._printf_common
                0x080020f8       0xea e:/imt_sdk_win_64/winarm/armgcc/bin/../lib/gcc/arm-none-eabi/7.2.1/../../../../arm-none-eabi/lib/thumb/v7e-m\libg_nano.a(lib_a-nano-vfprintf_i.o)
                0x080020f8                _printf_common
 *fill*         0x080021e2        0x2 
 .text._printf_i
                0x080021e4      0x224 e:/imt_sdk_win_64/winarm/armgcc/bin/../lib/gcc/arm-none-eabi/7.2.1/../../../../arm-none-eabi/lib/thumb/v7e-m\libg_nano.a(lib_a-nano-vfprintf_i.o)
                0x080021e4                _printf_i
 *fill*         0x08002408        0x8 
 .text          0x08002410       0xa0 e:/imt_sdk_win_64/winarm/armgcc/bin/../lib/gcc/arm-none-eabi/7.2.1/../../../../arm-none-eabi/lib/thumb/v7e-m\libg_nano.a(lib_a-memchr.o)
                0x08002410                memchr
 .text.memcpy   0x080024b0       0x16 e:/imt_sdk_win_64/winarm/armgcc/bin/../lib/gcc/arm-none-eabi/7.2.1/../../../../arm-none-eabi/lib/thumb/v7e-m\libg_nano.a(lib_a-memcpy-stub.o)
                0x080024b0                memcpy
 .text.memmove  0x080024c6       0x32 e:/imt_sdk_win_64/winarm/armgcc/bin/../lib/gcc/arm-none-eabi/7.2.1/../../../../arm-none-eabi/lib/thumb/v7e-m\libg_nano.a(lib_a-memmove.o)
                0x080024c6                memmove
 .text._free_r  0x080024f8       0x9c e:/imt_sdk_win_64/winarm/armgcc/bin/../lib/gcc/arm-none-eabi/7.2.1/../../../../arm-none-eabi/lib/thumb/v7e-m\libg_nano.a(lib_a-nano-freer.o)
                0x080024f8                _free_r
 .text._malloc_r
                0x08002594       0xb4 e:/imt_sdk_win_64/winarm/armgcc/bin/../lib/gcc/arm-none-eabi/7.2.1/../../../../arm-none-eabi/lib/thumb/v7e-m\libg_nano.a(lib_a-nano-mallocr.o)
                0x08002594                _malloc_r
 .text._realloc_r
                0x08002648       0x4c e:/imt_sdk_win_64/winarm/armgcc/bin/../lib/gcc/arm-none-eabi/7.2.1/../../../../arm-none-eabi/lib/thumb/v7e-m\libg_nano.a(lib_a-nano-reallocr.o)
                0x08002648                _realloc_r
 .text._sbrk_r  0x08002694       0x20 e:/imt_sdk_win_64/winarm/armgcc/bin/../lib/gcc/arm-none-eabi/7.2.1/../../../../arm-none-eabi/lib/thumb/v7e-m\libg_nano.a(lib_a-sbrkr.o)
                0x08002694                _sbrk_r
 .text.__malloc_lock
                0x080026b4        0x2 e:/imt_sdk_win_64/winarm/armgcc/bin/../lib/gcc/arm-none-eabi/7.2.1/../../../../arm-none-eabi/lib/thumb/v7e-m\libg_nano.a(lib_a-mlock.o)
                0x080026b4                __malloc_lock
 .text.__malloc_unlock
                0x080026b6        0x2 e:/imt_sdk_win_64/winarm/armgcc/bin/../lib/gcc/arm-none-eabi/7.2.1/../../../../arm-none-eabi/lib/thumb/v7e-m\libg_nano.a(lib_a-mlock.o)
                0x080026b6                __malloc_unlock
 .text._malloc_usable_size_r
                0x080026b8       0x10 e:/imt_sdk_win_64/winarm/armgcc/bin/../lib/gcc/arm-none-eabi/7.2.1/../../../../arm-none-eabi/lib/thumb/v7e-m\libg_nano.a(lib_a-nano-msizer.o)
                0x080026b8                _malloc_usable_size_r
 *(.rodata .rodata.* .constdata .constdata.*)
 .rodata.HAL_NVIC_SetPriorityGrouping.str1.4
                0x080026c8       0x31 ./system/src/stm32f4-hal/stm32f4xx_hal_cortex.o
 *fill*         0x080026f9        0x3 
 .rodata.APBAHBPrescTable
                0x080026fc       0x10 ./system/src/stm32f4-hal/stm32f4xx_hal_rcc.o
                0x080026fc                APBAHBPrescTable
 .rodata.HAL_RCC_OscConfig.str1.4
                0x0800270c       0x2e ./system/src/stm32f4-hal/stm32f4xx_hal_rcc.o
 *fill*         0x0800273a        0x2 
 .rodata.abort.str1.4
                0x0800273c       0x14 ./system/src/newlib/_exit.o
 .rodata.assert_failed.str1.4
                0x08002750       0x2b ./system/src/newlib/assert.o
 .rodata.trace_puts.str1.4
                0x0800277b       0x2b ./system/src/diag/Trace.o
                                  0x2 (size before relaxing)
 *fill*         0x0800277b        0x1 
 .rodata.dumpExceptionStack.str1.4
                0x0800277c      0x11a ./system/src/cortexm/exception_handlers.o
 *fill*         0x08002896        0x2 
 .rodata.str1.4
                0x08002898       0x2c ./system/src/cortexm/exception_handlers.o
                                 0x2a (size before relaxing)
 .rodata.AHBPrescTable
                0x080028c4       0x10 ./system/src/cmsis/system_stm32f4xx.o
                0x080028c4                AHBPrescTable
 .rodata._svfprintf_r.str1.1
                0x080028d4       0x11 e:/imt_sdk_win_64/winarm/armgcc/bin/../lib/gcc/arm-none-eabi/7.2.1/../../../../arm-none-eabi/lib/thumb/v7e-m\libg_nano.a(lib_a-nano-svfprintf.o)
 .rodata._printf_i.str1.1
                0x080028e5       0x22 e:/imt_sdk_win_64/winarm/armgcc/bin/../lib/gcc/arm-none-eabi/7.2.1/../../../../arm-none-eabi/lib/thumb/v7e-m\libg_nano.a(lib_a-nano-vfprintf_i.o)
 *(vtable)
 *(.eh_frame*)
 *(.glue_7)
 .glue_7        0x08002907        0x0 linker stubs
 *(.glue_7t)
 .glue_7t       0x08002907        0x0 linker stubs

.vfp11_veneer   0x08002908        0x0
 .vfp11_veneer  0x08002908        0x0 linker stubs

.v4_bx          0x08002908        0x0
 .v4_bx         0x08002908        0x0 linker stubs

.iplt           0x08002908        0x0
 .iplt          0x08002908        0x0 ./system/src/stm32f4-hal/stm32f4xx_hal.o

.rel.dyn        0x08002908        0x0
 .rel.iplt      0x08002908        0x0 ./system/src/stm32f4-hal/stm32f4xx_hal.o

.ARM.extab
 *(.ARM.extab* .gnu.linkonce.armextab.*)
                0x08002908                . = ALIGN (0x4)
                0x08002908                __exidx_start = .

.ARM.exidx
 *(.ARM.exidx* .gnu.linkonce.armexidx.*)
                0x08002908                __exidx_end = .
                0x08002908                . = ALIGN (0x4)
                0x08002908                _etext = .
                0x08002908                __etext = .

.data_CCMRAM    0x10000000        0x0 load address 0x08002908
 FILL mask 0xff
 *(.data.CCMRAM .data.CCMRAM.*)
                0x10000000                . = ALIGN (0x4)
                0x08002908                _sidata = LOADADDR (.data)

.data           0x20000000       0x78 load address 0x08002908
 FILL mask 0xff
                0x20000000                _sdata = .
                0x20000000                __data_start__ = .
 *(.data_begin .data_begin.*)
 .data_begin    0x20000000        0x4 ./system/src/newlib/_startup.o
 *(.data .data.*)
 .data.argv.4310
                0x20000004        0x8 ./system/src/newlib/_syscalls.o
 .data.SystemCoreClock
                0x2000000c        0x4 ./system/src/cmsis/system_stm32f4xx.o
                0x2000000c                SystemCoreClock
 .data._impure_ptr
                0x20000010        0x4 e:/imt_sdk_win_64/winarm/armgcc/bin/../lib/gcc/arm-none-eabi/7.2.1/../../../../arm-none-eabi/lib/thumb/v7e-m\libg_nano.a(lib_a-impure.o)
                0x20000010                _impure_ptr
 .data.impure_data
                0x20000014       0x60 e:/imt_sdk_win_64/winarm/armgcc/bin/../lib/gcc/arm-none-eabi/7.2.1/../../../../arm-none-eabi/lib/thumb/v7e-m\libg_nano.a(lib_a-impure.o)
 *(.data_end .data_end.*)
 .data_end      0x20000074        0x4 ./system/src/newlib/_startup.o
                0x20000078                . = ALIGN (0x4)
                0x20000078                _edata = .
                0x20000078                __data_end__ = .

.igot.plt       0x20000078        0x0 load address 0x08002980
 .igot.plt      0x20000078        0x0 ./system/src/stm32f4-hal/stm32f4xx_hal.o

.bss_CCMRAM     0x10000000        0x0
 *(.bss.CCMRAM .bss.CCMRAM.*)

.bss            0x20000078      0x108
                0x20000078                __bss_start__ = .
                0x20000078                _sbss = .
 *(.bss_begin .bss_begin.*)
 .bss_begin     0x20000078        0x4 ./system/src/newlib/_startup.o
 *(.bss .bss.*)
 .bss.current_heap_end.3961
                0x2000007c        0x4 ./system/src/newlib/_sbrk.o
 .bss.name.4309
                0x20000080        0x1 ./system/src/newlib/_syscalls.o
 *fill*         0x20000081        0x3 
 .bss.buf.5205  0x20000084       0x80 ./system/src/diag/Trace.o
 .bss.Gpv_MUSART2_CallBACK_Func
                0x20000104        0x4 ./src/MCAL/MUART2/MUART2_program.o
                0x20000104                Gpv_MUSART2_CallBACK_Func
 .bss.Gpv_MUSART_CallBACK_Func
                0x20000108        0x4 ./src/MCAL/MUART/MUART_program.o
                0x20000108                Gpv_MUSART_CallBACK_Func
 .bss.MTIM3_pvCallBack
                0x2000010c        0x4 ./src/MCAL/MTIM2_5/MTIM2_5_program.o
 .bss.MTIM4_pvCallBack
                0x20000110        0x4 ./src/MCAL/MTIM2_5/MTIM2_5_program.o
 .bss.MTIM5_pvCallBack
                0x20000114        0x4 ./src/MCAL/MTIM2_5/MTIM2_5_program.o
 .bss.MTIM1_pvCallBack
                0x20000118        0x4 ./src/MCAL/MTIM1/MTIM1_program.o
 .bss.Gu8_PeriodicFlag
                0x2000011c        0x1 ./src/MCAL/MSTK/MSTK_program.o
 *fill*         0x2000011d        0x3 
 .bss.MSTK_Gpv_CallBackFunc
                0x20000120        0x4 ./src/MCAL/MSTK/MSTK_program.o
 .bss.GlobalFlag
                0x20000124        0x1 ./src/MCAL/MEXTI/MEXTI_program.o
                0x20000124                GlobalFlag
 *fill*         0x20000125        0x3 
 .bss.MEXTI_GpvCallBackFunc
                0x20000128       0x3c ./src/MCAL/MEXTI/MEXTI_program.o
 .bss.Gpv_DMA1_CallBACK_Func
                0x20000164        0x4 ./src/MCAL/MDMA/MDMA_program.o
                0x20000164                Gpv_DMA1_CallBACK_Func
 .bss.Gpv_DMA2_CallBACK_Func
                0x20000168        0x4 ./src/MCAL/MDMA/MDMA_program.o
                0x20000168                Gpv_DMA2_CallBACK_Func
 .bss.__malloc_free_list
                0x2000016c        0x4 e:/imt_sdk_win_64/winarm/armgcc/bin/../lib/gcc/arm-none-eabi/7.2.1/../../../../arm-none-eabi/lib/thumb/v7e-m\libg_nano.a(lib_a-nano-mallocr.o)
                0x2000016c                __malloc_free_list
 .bss.__malloc_sbrk_start
                0x20000170        0x4 e:/imt_sdk_win_64/winarm/armgcc/bin/../lib/gcc/arm-none-eabi/7.2.1/../../../../arm-none-eabi/lib/thumb/v7e-m\libg_nano.a(lib_a-nano-mallocr.o)
                0x20000170                __malloc_sbrk_start
 *(COMMON)
 COMMON         0x20000174        0x4 ./system/src/stm32f4-hal/stm32f4xx_hal.o
                0x20000174                uwTick
 COMMON         0x20000178        0x4 ./system/src/newlib/_syscalls.o
                0x20000178                errno
 *(.bss_end .bss_end.*)
 .bss_end       0x2000017c        0x4 ./system/src/newlib/_startup.o
                0x20000180                . = ALIGN (0x4)
                0x20000180                __bss_end__ = .
                0x20000180                _ebss = .

.noinit_CCMRAM
 *(.noinit.CCMRAM .noinit.CCMRAM.*)

.noinit         0x20000180        0x0
                0x20000180                _noinit = .
 *(.noinit .noinit.*)
                0x20000180                . = ALIGN (0x4)
                0x20000180                _end_noinit = .
                [!provide]                PROVIDE (end, _end_noinit)
                [!provide]                PROVIDE (_end, _end_noinit)
                [!provide]                PROVIDE (__end, _end_noinit)
                [!provide]                PROVIDE (__end__, _end_noinit)

._check_stack   0x20000180      0x100
                0x20000280                . = (. + _Minimum_Stack_Size)
 *fill*         0x20000180      0x100 

.b1text
 *(.b1text)
 *(.b1rodata)
 *(.b1rodata.*)

.eb0text
 *(.eb0text)
 *(.eb0rodata)
 *(.eb0rodata.*)

.eb1text
 *(.eb1text)
 *(.eb1rodata)
 *(.eb1rodata.*)

.eb2text
 *(.eb2text)
 *(.eb2rodata)
 *(.eb2rodata.*)

.eb3text
 *(.eb3text)
 *(.eb3rodata)
 *(.eb3rodata.*)

.stab
 *(.stab)

.stabstr
 *(.stabstr)

.stab.excl
 *(.stab.excl)

.stab.exclstr
 *(.stab.exclstr)

.stab.index
 *(.stab.index)

.stab.indexstr
 *(.stab.indexstr)

.comment        0x00000000       0x7e
 *(.comment)
 .comment       0x00000000       0x7e ./system/src/stm32f4-hal/stm32f4xx_hal.o
                                 0x7f (size before relaxing)
 .comment       0x0000007e       0x7f ./system/src/stm32f4-hal/stm32f4xx_hal_cortex.o
 .comment       0x0000007e       0x7f ./system/src/stm32f4-hal/stm32f4xx_hal_rcc.o
 .comment       0x0000007e       0x7f ./system/src/newlib/_exit.o
 .comment       0x0000007e       0x7f ./system/src/newlib/_sbrk.o
 .comment       0x0000007e       0x7f ./system/src/newlib/_startup.o
 .comment       0x0000007e       0x7f ./system/src/newlib/_syscalls.o
 .comment       0x0000007e       0x7f ./system/src/newlib/assert.o
 .comment       0x0000007e       0x7f ./system/src/diag/Trace.o
 .comment       0x0000007e       0x7f ./system/src/diag/trace_impl.o
 .comment       0x0000007e       0x7f ./system/src/cortexm/_initialize_hardware.o
 .comment       0x0000007e       0x7f ./system/src/cortexm/exception_handlers.o
 .comment       0x0000007e       0x7f ./system/src/cmsis/system_stm32f4xx.o
 .comment       0x0000007e       0x7f ./system/src/cmsis/vectors_stm32f401xc.o
 .comment       0x0000007e       0x7f ./src/MCAL/MUART2/MUART2_program.o
 .comment       0x0000007e       0x7f ./src/MCAL/MUART/MUART_program.o
 .comment       0x0000007e       0x7f ./src/MCAL/MTIM2_5/MTIM2_5_program.o
 .comment       0x0000007e       0x7f ./src/MCAL/MTIM1/MTIM1_program.o
 .comment       0x0000007e       0x7f ./src/MCAL/MSTK/MSTK_program.o
 .comment       0x0000007e       0x7f ./src/MCAL/MRCC/MRCC_program.o
 .comment       0x0000007e       0x7f ./src/MCAL/MNVIC/MNVIC_program.o
 .comment       0x0000007e       0x7f ./src/MCAL/MGPIO/MGPIO_program.o
 .comment       0x0000007e       0x7f ./src/MCAL/MEXTI/MEXTI_program.o
 .comment       0x0000007e       0x7f ./src/MCAL/MDMA/MDMA_program.o
 .comment       0x0000007e       0x7f ./src/HAL/DC_motor/DCMOTOR_program.o
 .comment       0x0000007e       0x7f ./src/_initialize_hardware.o
 .comment       0x0000007e       0x7f ./src/main.o
 .comment       0x0000007e       0x7f ./src/stm32f4xx_hal_msp.o

.ARM.attributes
                0x00000000       0x31
 .ARM.attributes
                0x00000000       0x33 ./system/src/stm32f4-hal/stm32f4xx_hal.o
 .ARM.attributes
                0x00000033       0x33 ./system/src/stm32f4-hal/stm32f4xx_hal_cortex.o
 .ARM.attributes
                0x00000066       0x33 ./system/src/stm32f4-hal/stm32f4xx_hal_rcc.o
 .ARM.attributes
                0x00000099       0x33 ./system/src/newlib/_exit.o
 .ARM.attributes
                0x000000cc       0x33 ./system/src/newlib/_sbrk.o
 .ARM.attributes
                0x000000ff       0x33 ./system/src/newlib/_startup.o
 .ARM.attributes
                0x00000132       0x33 ./system/src/newlib/_syscalls.o
 .ARM.attributes
                0x00000165       0x33 ./system/src/newlib/assert.o
 .ARM.attributes
                0x00000198       0x33 ./system/src/diag/Trace.o
 .ARM.attributes
                0x000001cb       0x33 ./system/src/diag/trace_impl.o
 .ARM.attributes
                0x000001fe       0x33 ./system/src/cortexm/_initialize_hardware.o
 .ARM.attributes
                0x00000231       0x33 ./system/src/cortexm/exception_handlers.o
 .ARM.attributes
                0x00000264       0x33 ./system/src/cmsis/system_stm32f4xx.o
 .ARM.attributes
                0x00000297       0x33 ./system/src/cmsis/vectors_stm32f401xc.o
 .ARM.attributes
                0x000002ca       0x33 ./src/MCAL/MUART2/MUART2_program.o
 .ARM.attributes
                0x000002fd       0x33 ./src/MCAL/MUART/MUART_program.o
 .ARM.attributes
                0x00000330       0x33 ./src/MCAL/MTIM2_5/MTIM2_5_program.o
 .ARM.attributes
                0x00000363       0x33 ./src/MCAL/MTIM1/MTIM1_program.o
 .ARM.attributes
                0x00000396       0x33 ./src/MCAL/MSTK/MSTK_program.o
 .ARM.attributes
                0x000003c9       0x33 ./src/MCAL/MRCC/MRCC_program.o
 .ARM.attributes
                0x000003fc       0x33 ./src/MCAL/MNVIC/MNVIC_program.o
 .ARM.attributes
                0x0000042f       0x33 ./src/MCAL/MGPIO/MGPIO_program.o
 .ARM.attributes
                0x00000462       0x33 ./src/MCAL/MEXTI/MEXTI_program.o
 .ARM.attributes
                0x00000495       0x33 ./src/MCAL/MDMA/MDMA_program.o
 .ARM.attributes
                0x000004c8       0x33 ./src/HAL/DC_motor/DCMOTOR_program.o
 .ARM.attributes
                0x000004fb       0x33 ./src/_initialize_hardware.o
 .ARM.attributes
                0x0000052e       0x33 ./src/main.o
 .ARM.attributes
                0x00000561       0x33 ./src/stm32f4xx_hal_msp.o
 .ARM.attributes
                0x00000594       0x2e e:/imt_sdk_win_64/winarm/armgcc/bin/../lib/gcc/arm-none-eabi/7.2.1/../../../../arm-none-eabi/lib/thumb/v7e-m\libg_nano.a(lib_a-errno.o)
 .ARM.attributes
                0x000005c2       0x2e e:/imt_sdk_win_64/winarm/armgcc/bin/../lib/gcc/arm-none-eabi/7.2.1/../../../../arm-none-eabi/lib/thumb/v7e-m\libg_nano.a(lib_a-impure.o)
 .ARM.attributes
                0x000005f0       0x17 e:/imt_sdk_win_64/winarm/armgcc/bin/../lib/gcc/arm-none-eabi/7.2.1/../../../../arm-none-eabi/lib/thumb/v7e-m\libg_nano.a(lib_a-strlen.o)
 .ARM.attributes
                0x00000607       0x2e e:/imt_sdk_win_64/winarm/armgcc/bin/../lib/gcc/arm-none-eabi/7.2.1/../../../../arm-none-eabi/lib/thumb/v7e-m\libg_nano.a(lib_a-vsnprintf.o)
 .ARM.attributes
                0x00000635       0x2e e:/imt_sdk_win_64/winarm/armgcc/bin/../lib/gcc/arm-none-eabi/7.2.1/../../../../arm-none-eabi/lib/thumb/v7e-m\libg_nano.a(lib_a-nano-svfprintf.o)
 .ARM.attributes
                0x00000663       0x2e e:/imt_sdk_win_64/winarm/armgcc/bin/../lib/gcc/arm-none-eabi/7.2.1/../../../../arm-none-eabi/lib/thumb/v7e-m\libg_nano.a(lib_a-nano-vfprintf_i.o)
 .ARM.attributes
                0x00000691       0x1c e:/imt_sdk_win_64/winarm/armgcc/bin/../lib/gcc/arm-none-eabi/7.2.1/../../../../arm-none-eabi/lib/thumb/v7e-m\libg_nano.a(lib_a-memchr.o)
 .ARM.attributes
                0x000006ad       0x2e e:/imt_sdk_win_64/winarm/armgcc/bin/../lib/gcc/arm-none-eabi/7.2.1/../../../../arm-none-eabi/lib/thumb/v7e-m\libg_nano.a(lib_a-memcpy-stub.o)
 .ARM.attributes
                0x000006db       0x2e e:/imt_sdk_win_64/winarm/armgcc/bin/../lib/gcc/arm-none-eabi/7.2.1/../../../../arm-none-eabi/lib/thumb/v7e-m\libg_nano.a(lib_a-memmove.o)
 .ARM.attributes
                0x00000709       0x2e e:/imt_sdk_win_64/winarm/armgcc/bin/../lib/gcc/arm-none-eabi/7.2.1/../../../../arm-none-eabi/lib/thumb/v7e-m\libg_nano.a(lib_a-nano-freer.o)
 .ARM.attributes
                0x00000737       0x2e e:/imt_sdk_win_64/winarm/armgcc/bin/../lib/gcc/arm-none-eabi/7.2.1/../../../../arm-none-eabi/lib/thumb/v7e-m\libg_nano.a(lib_a-nano-mallocr.o)
 .ARM.attributes
                0x00000765       0x2e e:/imt_sdk_win_64/winarm/armgcc/bin/../lib/gcc/arm-none-eabi/7.2.1/../../../../arm-none-eabi/lib/thumb/v7e-m\libg_nano.a(lib_a-nano-reallocr.o)
 .ARM.attributes
                0x00000793       0x2e e:/imt_sdk_win_64/winarm/armgcc/bin/../lib/gcc/arm-none-eabi/7.2.1/../../../../arm-none-eabi/lib/thumb/v7e-m\libg_nano.a(lib_a-sbrkr.o)
 .ARM.attributes
                0x000007c1       0x2e e:/imt_sdk_win_64/winarm/armgcc/bin/../lib/gcc/arm-none-eabi/7.2.1/../../../../arm-none-eabi/lib/thumb/v7e-m\libg_nano.a(lib_a-mlock.o)
 .ARM.attributes
                0x000007ef       0x2e e:/imt_sdk_win_64/winarm/armgcc/bin/../lib/gcc/arm-none-eabi/7.2.1/../../../../arm-none-eabi/lib/thumb/v7e-m\libg_nano.a(lib_a-nano-msizer.o)

.debug
 *(.debug)

.line
 *(.line)

.debug_srcinfo
 *(.debug_srcinfo)

.debug_sfnames
 *(.debug_sfnames)

.debug_aranges  0x00000000      0x948
 *(.debug_aranges)
 .debug_aranges
                0x00000000       0xc0 ./system/src/stm32f4-hal/stm32f4xx_hal.o
 .debug_aranges
                0x000000c0       0x98 ./system/src/stm32f4-hal/stm32f4xx_hal_cortex.o
 .debug_aranges
                0x00000158       0x88 ./system/src/stm32f4-hal/stm32f4xx_hal_rcc.o
 .debug_aranges
                0x000001e0       0x28 ./system/src/newlib/_exit.o
 .debug_aranges
                0x00000208       0x20 ./system/src/newlib/_sbrk.o
 .debug_aranges
                0x00000228       0x40 ./system/src/newlib/_startup.o
 .debug_aranges
                0x00000268       0x30 ./system/src/newlib/_syscalls.o
 .debug_aranges
                0x00000298       0x28 ./system/src/newlib/assert.o
 .debug_aranges
                0x000002c0       0x38 ./system/src/diag/Trace.o
 .debug_aranges
                0x000002f8       0x30 ./system/src/diag/trace_impl.o
 .debug_aranges
                0x00000328       0x28 ./system/src/cortexm/_initialize_hardware.o
 .debug_aranges
                0x00000350       0x90 ./system/src/cortexm/exception_handlers.o
 .debug_aranges
                0x000003e0       0x28 ./system/src/cmsis/system_stm32f4xx.o
 .debug_aranges
                0x00000408       0x20 ./system/src/cmsis/vectors_stm32f401xc.o
 .debug_aranges
                0x00000428       0x60 ./src/MCAL/MUART2/MUART2_program.o
 .debug_aranges
                0x00000488       0x60 ./src/MCAL/MUART/MUART_program.o
 .debug_aranges
                0x000004e8       0xb8 ./src/MCAL/MTIM2_5/MTIM2_5_program.o
 .debug_aranges
                0x000005a0       0x50 ./src/MCAL/MTIM1/MTIM1_program.o
 .debug_aranges
                0x000005f0       0x60 ./src/MCAL/MSTK/MSTK_program.o
 .debug_aranges
                0x00000650       0x30 ./src/MCAL/MRCC/MRCC_program.o
 .debug_aranges
                0x00000680       0x50 ./src/MCAL/MNVIC/MNVIC_program.o
 .debug_aranges
                0x000006d0       0x60 ./src/MCAL/MGPIO/MGPIO_program.o
 .debug_aranges
                0x00000730       0x78 ./src/MCAL/MEXTI/MEXTI_program.o
 .debug_aranges
                0x000007a8       0xd8 ./src/MCAL/MDMA/MDMA_program.o
 .debug_aranges
                0x00000880       0x38 ./src/HAL/DC_motor/DCMOTOR_program.o
 .debug_aranges
                0x000008b8       0x28 ./src/_initialize_hardware.o
 .debug_aranges
                0x000008e0       0x30 ./src/main.o
 .debug_aranges
                0x00000910       0x38 ./src/stm32f4xx_hal_msp.o

.debug_pubnames
 *(.debug_pubnames)

.debug_info     0x00000000     0xe8ca
 *(.debug_info .gnu.linkonce.wi.*)
 .debug_info    0x00000000     0x107e ./system/src/stm32f4-hal/stm32f4xx_hal.o
 .debug_info    0x0000107e     0x1863 ./system/src/stm32f4-hal/stm32f4xx_hal_cortex.o
 .debug_info    0x000028e1     0x177e ./system/src/stm32f4-hal/stm32f4xx_hal_rcc.o
 .debug_info    0x0000405f      0x956 ./system/src/newlib/_exit.o
 .debug_info    0x000049b5      0x942 ./system/src/newlib/_sbrk.o
 .debug_info    0x000052f7      0x4bf ./system/src/newlib/_startup.o
 .debug_info    0x000057b6      0xa19 ./system/src/newlib/_syscalls.o
 .debug_info    0x000061cf      0x9ff ./system/src/newlib/assert.o
 .debug_info    0x00006bce      0xb2a ./system/src/diag/Trace.o
 .debug_info    0x000076f8      0xb6b ./system/src/diag/trace_impl.o
 .debug_info    0x00008263      0xade ./system/src/cortexm/_initialize_hardware.o
 .debug_info    0x00008d41     0x115a ./system/src/cortexm/exception_handlers.o
 .debug_info    0x00009e9b      0xcfe ./system/src/cmsis/system_stm32f4xx.o
 .debug_info    0x0000ab99       0xca ./system/src/cmsis/vectors_stm32f401xc.o
 .debug_info    0x0000ac63      0x1f6 ./src/MCAL/MUART2/MUART2_program.o
 .debug_info    0x0000ae59      0x1f6 ./src/MCAL/MUART/MUART_program.o
 .debug_info    0x0000b04f      0x5b3 ./src/MCAL/MTIM2_5/MTIM2_5_program.o
 .debug_info    0x0000b602      0x2f4 ./src/MCAL/MTIM1/MTIM1_program.o
 .debug_info    0x0000b8f6      0x212 ./src/MCAL/MSTK/MSTK_program.o
 .debug_info    0x0000bb08      0x14e ./src/MCAL/MRCC/MRCC_program.o
 .debug_info    0x0000bc56      0x312 ./src/MCAL/MNVIC/MNVIC_program.o
 .debug_info    0x0000bf68      0x350 ./src/MCAL/MGPIO/MGPIO_program.o
 .debug_info    0x0000c2b8      0x2f5 ./src/MCAL/MEXTI/MEXTI_program.o
 .debug_info    0x0000c5ad      0x3f8 ./src/MCAL/MDMA/MDMA_program.o
 .debug_info    0x0000c9a5      0x406 ./src/HAL/DC_motor/DCMOTOR_program.o
 .debug_info    0x0000cdab      0xd34 ./src/_initialize_hardware.o
 .debug_info    0x0000dadf      0x4dc ./src/main.o
 .debug_info    0x0000dfbb      0x90f ./src/stm32f4xx_hal_msp.o

.debug_abbrev   0x00000000     0x31cf
 *(.debug_abbrev)
 .debug_abbrev  0x00000000      0x32b ./system/src/stm32f4-hal/stm32f4xx_hal.o
 .debug_abbrev  0x0000032b      0x3f1 ./system/src/stm32f4-hal/stm32f4xx_hal_cortex.o
 .debug_abbrev  0x0000071c      0x394 ./system/src/stm32f4-hal/stm32f4xx_hal_rcc.o
 .debug_abbrev  0x00000ab0      0x1f3 ./system/src/newlib/_exit.o
 .debug_abbrev  0x00000ca3      0x1fc ./system/src/newlib/_sbrk.o
 .debug_abbrev  0x00000e9f      0x1cb ./system/src/newlib/_startup.o
 .debug_abbrev  0x0000106a      0x234 ./system/src/newlib/_syscalls.o
 .debug_abbrev  0x0000129e      0x1f3 ./system/src/newlib/assert.o
 .debug_abbrev  0x00001491      0x276 ./system/src/diag/Trace.o
 .debug_abbrev  0x00001707      0x2ef ./system/src/diag/trace_impl.o
 .debug_abbrev  0x000019f6      0x1de ./system/src/cortexm/_initialize_hardware.o
 .debug_abbrev  0x00001bd4      0x32b ./system/src/cortexm/exception_handlers.o
 .debug_abbrev  0x00001eff      0x216 ./system/src/cmsis/system_stm32f4xx.o
 .debug_abbrev  0x00002115       0x9d ./system/src/cmsis/vectors_stm32f401xc.o
 .debug_abbrev  0x000021b2      0x10a ./src/MCAL/MUART2/MUART2_program.o
 .debug_abbrev  0x000022bc      0x10a ./src/MCAL/MUART/MUART_program.o
 .debug_abbrev  0x000023c6      0x183 ./src/MCAL/MTIM2_5/MTIM2_5_program.o
 .debug_abbrev  0x00002549      0x133 ./src/MCAL/MTIM1/MTIM1_program.o
 .debug_abbrev  0x0000267c      0x119 ./src/MCAL/MSTK/MSTK_program.o
 .debug_abbrev  0x00002795       0x97 ./src/MCAL/MRCC/MRCC_program.o
 .debug_abbrev  0x0000282c      0x126 ./src/MCAL/MNVIC/MNVIC_program.o
 .debug_abbrev  0x00002952       0xe2 ./src/MCAL/MGPIO/MGPIO_program.o
 .debug_abbrev  0x00002a34      0x12b ./src/MCAL/MEXTI/MEXTI_program.o
 .debug_abbrev  0x00002b5f      0x109 ./src/MCAL/MDMA/MDMA_program.o
 .debug_abbrev  0x00002c68       0xce ./src/HAL/DC_motor/DCMOTOR_program.o
 .debug_abbrev  0x00002d36      0x22d ./src/_initialize_hardware.o
 .debug_abbrev  0x00002f63       0xbb ./src/main.o
 .debug_abbrev  0x0000301e      0x1b1 ./src/stm32f4xx_hal_msp.o

.debug_line     0x00000000     0x8d23
 *(.debug_line)
 .debug_line    0x00000000      0xb34 ./system/src/stm32f4-hal/stm32f4xx_hal.o
 .debug_line    0x00000b34      0xc2b ./system/src/stm32f4-hal/stm32f4xx_hal_cortex.o
 .debug_line    0x0000175f      0xdb5 ./system/src/stm32f4-hal/stm32f4xx_hal_rcc.o
 .debug_line    0x00002514      0x2f7 ./system/src/newlib/_exit.o
 .debug_line    0x0000280b      0x2ab ./system/src/newlib/_sbrk.o
 .debug_line    0x00002ab6      0x373 ./system/src/newlib/_startup.o
 .debug_line    0x00002e29      0x3ab ./system/src/newlib/_syscalls.o
 .debug_line    0x000031d4      0x332 ./system/src/newlib/assert.o
 .debug_line    0x00003506      0x373 ./system/src/diag/Trace.o
 .debug_line    0x00003879      0xa67 ./system/src/diag/trace_impl.o
 .debug_line    0x000042e0      0x9d0 ./system/src/cortexm/_initialize_hardware.o
 .debug_line    0x00004cb0      0xb1e ./system/src/cortexm/exception_handlers.o
 .debug_line    0x000057ce      0x9d6 ./system/src/cmsis/system_stm32f4xx.o
 .debug_line    0x000061a4       0xec ./system/src/cmsis/vectors_stm32f401xc.o
 .debug_line    0x00006290      0x188 ./src/MCAL/MUART2/MUART2_program.o
 .debug_line    0x00006418      0x181 ./src/MCAL/MUART/MUART_program.o
 .debug_line    0x00006599      0x469 ./src/MCAL/MTIM2_5/MTIM2_5_program.o
 .debug_line    0x00006a02      0x19b ./src/MCAL/MTIM1/MTIM1_program.o
 .debug_line    0x00006b9d      0x177 ./src/MCAL/MSTK/MSTK_program.o
 .debug_line    0x00006d14      0x10a ./src/MCAL/MRCC/MRCC_program.o
 .debug_line    0x00006e1e      0x14d ./src/MCAL/MNVIC/MNVIC_program.o
 .debug_line    0x00006f6b      0x1d9 ./src/MCAL/MGPIO/MGPIO_program.o
 .debug_line    0x00007144      0x1c8 ./src/MCAL/MEXTI/MEXTI_program.o
 .debug_line    0x0000730c      0x28a ./src/MCAL/MDMA/MDMA_program.o
 .debug_line    0x00007596      0x207 ./src/HAL/DC_motor/DCMOTOR_program.o
 .debug_line    0x0000779d      0x9c9 ./src/_initialize_hardware.o
 .debug_line    0x00008166      0x1f3 ./src/main.o
 .debug_line    0x00008359      0x9ca ./src/stm32f4xx_hal_msp.o

.debug_frame    0x00000000     0x15bc
 *(.debug_frame)
 .debug_frame   0x00000000      0x188 ./system/src/stm32f4-hal/stm32f4xx_hal.o
 .debug_frame   0x00000188      0x17c ./system/src/stm32f4-hal/stm32f4xx_hal_cortex.o
 .debug_frame   0x00000304      0x140 ./system/src/stm32f4-hal/stm32f4xx_hal_rcc.o
 .debug_frame   0x00000444       0x38 ./system/src/newlib/_exit.o
 .debug_frame   0x0000047c       0x28 ./system/src/newlib/_sbrk.o
 .debug_frame   0x000004a4       0x7c ./system/src/newlib/_startup.o
 .debug_frame   0x00000520       0x50 ./system/src/newlib/_syscalls.o
 .debug_frame   0x00000570       0x40 ./system/src/newlib/assert.o
 .debug_frame   0x000005b0       0x94 ./system/src/diag/Trace.o
 .debug_frame   0x00000644       0x64 ./system/src/diag/trace_impl.o
 .debug_frame   0x000006a8       0x40 ./system/src/cortexm/_initialize_hardware.o
 .debug_frame   0x000006e8      0x158 ./system/src/cortexm/exception_handlers.o
 .debug_frame   0x00000840       0x30 ./system/src/cmsis/system_stm32f4xx.o
 .debug_frame   0x00000870       0x20 ./system/src/cmsis/vectors_stm32f401xc.o
 .debug_frame   0x00000890       0xa8 ./src/MCAL/MUART2/MUART2_program.o
 .debug_frame   0x00000938       0xa8 ./src/MCAL/MUART/MUART_program.o
 .debug_frame   0x000009e0      0x168 ./src/MCAL/MTIM2_5/MTIM2_5_program.o
 .debug_frame   0x00000b48       0x88 ./src/MCAL/MTIM1/MTIM1_program.o
 .debug_frame   0x00000bd0       0xa8 ./src/MCAL/MSTK/MSTK_program.o
 .debug_frame   0x00000c78       0x40 ./src/MCAL/MRCC/MRCC_program.o
 .debug_frame   0x00000cb8       0x80 ./src/MCAL/MNVIC/MNVIC_program.o
 .debug_frame   0x00000d38       0xdc ./src/MCAL/MGPIO/MGPIO_program.o
 .debug_frame   0x00000e14      0x114 ./src/MCAL/MEXTI/MEXTI_program.o
 .debug_frame   0x00000f28      0x268 ./src/MCAL/MDMA/MDMA_program.o
 .debug_frame   0x00001190       0x70 ./src/HAL/DC_motor/DCMOTOR_program.o
 .debug_frame   0x00001200       0x4c ./src/_initialize_hardware.o
 .debug_frame   0x0000124c       0x58 ./src/main.o
 .debug_frame   0x000012a4       0x50 ./src/stm32f4xx_hal_msp.o
 .debug_frame   0x000012f4       0x20 e:/imt_sdk_win_64/winarm/armgcc/bin/../lib/gcc/arm-none-eabi/7.2.1/../../../../arm-none-eabi/lib/thumb/v7e-m\libg_nano.a(lib_a-errno.o)
 .debug_frame   0x00001314       0x4c e:/imt_sdk_win_64/winarm/armgcc/bin/../lib/gcc/arm-none-eabi/7.2.1/../../../../arm-none-eabi/lib/thumb/v7e-m\libg_nano.a(lib_a-vsnprintf.o)
 .debug_frame   0x00001360       0x90 e:/imt_sdk_win_64/winarm/armgcc/bin/../lib/gcc/arm-none-eabi/7.2.1/../../../../arm-none-eabi/lib/thumb/v7e-m\libg_nano.a(lib_a-nano-svfprintf.o)
 .debug_frame   0x000013f0       0x60 e:/imt_sdk_win_64/winarm/armgcc/bin/../lib/gcc/arm-none-eabi/7.2.1/../../../../arm-none-eabi/lib/thumb/v7e-m\libg_nano.a(lib_a-nano-vfprintf_i.o)
 .debug_frame   0x00001450       0x28 e:/imt_sdk_win_64/winarm/armgcc/bin/../lib/gcc/arm-none-eabi/7.2.1/../../../../arm-none-eabi/lib/thumb/v7e-m\libg_nano.a(lib_a-memcpy-stub.o)
 .debug_frame   0x00001478       0x28 e:/imt_sdk_win_64/winarm/armgcc/bin/../lib/gcc/arm-none-eabi/7.2.1/../../../../arm-none-eabi/lib/thumb/v7e-m\libg_nano.a(lib_a-memmove.o)
 .debug_frame   0x000014a0       0x38 e:/imt_sdk_win_64/winarm/armgcc/bin/../lib/gcc/arm-none-eabi/7.2.1/../../../../arm-none-eabi/lib/thumb/v7e-m\libg_nano.a(lib_a-nano-freer.o)
 .debug_frame   0x000014d8       0x2c e:/imt_sdk_win_64/winarm/armgcc/bin/../lib/gcc/arm-none-eabi/7.2.1/../../../../arm-none-eabi/lib/thumb/v7e-m\libg_nano.a(lib_a-nano-mallocr.o)
 .debug_frame   0x00001504       0x3c e:/imt_sdk_win_64/winarm/armgcc/bin/../lib/gcc/arm-none-eabi/7.2.1/../../../../arm-none-eabi/lib/thumb/v7e-m\libg_nano.a(lib_a-nano-reallocr.o)
 .debug_frame   0x00001540       0x2c e:/imt_sdk_win_64/winarm/armgcc/bin/../lib/gcc/arm-none-eabi/7.2.1/../../../../arm-none-eabi/lib/thumb/v7e-m\libg_nano.a(lib_a-sbrkr.o)
 .debug_frame   0x0000156c       0x30 e:/imt_sdk_win_64/winarm/armgcc/bin/../lib/gcc/arm-none-eabi/7.2.1/../../../../arm-none-eabi/lib/thumb/v7e-m\libg_nano.a(lib_a-mlock.o)
 .debug_frame   0x0000159c       0x20 e:/imt_sdk_win_64/winarm/armgcc/bin/../lib/gcc/arm-none-eabi/7.2.1/../../../../arm-none-eabi/lib/thumb/v7e-m\libg_nano.a(lib_a-nano-msizer.o)

.debug_str      0x00000000    0x7639d
 *(.debug_str)
 .debug_str     0x00000000    0x6fc65 ./system/src/stm32f4-hal/stm32f4xx_hal.o
                              0x70099 (size before relaxing)
 .debug_str     0x0006fc65      0x391 ./system/src/stm32f4-hal/stm32f4xx_hal_cortex.o
                              0x6ff03 (size before relaxing)
 .debug_str     0x0006fff6      0x3fa ./system/src/stm32f4-hal/stm32f4xx_hal_rcc.o
                              0x6fc1b (size before relaxing)
 .debug_str     0x000703f0     0x10ff ./system/src/newlib/_exit.o
                               0x7efa (size before relaxing)
 .debug_str     0x000714ef      0x4f5 ./system/src/newlib/_sbrk.o
                               0x72ac (size before relaxing)
 .debug_str     0x000719e4      0x2c6 ./system/src/newlib/_startup.o
                               0x6a4d (size before relaxing)
 .debug_str     0x00071caa      0xe8b ./system/src/newlib/_syscalls.o
                               0x8187 (size before relaxing)
 .debug_str     0x00072b35       0xd0 ./system/src/newlib/assert.o
                               0x89ff (size before relaxing)
 .debug_str     0x00072c05      0x176 ./system/src/diag/Trace.o
                               0x8672 (size before relaxing)
 .debug_str     0x00072d7b      0x37b ./system/src/diag/trace_impl.o
                              0x70998 (size before relaxing)
 .debug_str     0x000730f6       0x5e ./system/src/cortexm/_initialize_hardware.o
                              0x6f72a (size before relaxing)
 .debug_str     0x00073154      0x19d ./system/src/cortexm/exception_handlers.o
                              0x70b22 (size before relaxing)
 .debug_str     0x000732f1       0x46 ./system/src/cmsis/system_stm32f4xx.o
                              0x6f80b (size before relaxing)
 .debug_str     0x00073337       0x59 ./system/src/cmsis/vectors_stm32f401xc.o
                               0x388a (size before relaxing)
 .debug_str     0x00073390      0x2b8 ./src/MCAL/MUART2/MUART2_program.o
                               0x3082 (size before relaxing)
 .debug_str     0x00073648      0x158 ./src/MCAL/MUART/MUART_program.o
                               0x3079 (size before relaxing)
 .debug_str     0x000737a0      0x9d9 ./src/MCAL/MTIM2_5/MTIM2_5_program.o
                               0x38b2 (size before relaxing)
 .debug_str     0x00074179      0x2c7 ./src/MCAL/MTIM1/MTIM1_program.o
                               0x3412 (size before relaxing)
 .debug_str     0x00074440      0x278 ./src/MCAL/MSTK/MSTK_program.o
                               0x3123 (size before relaxing)
 .debug_str     0x000746b8      0x87d ./src/MCAL/MRCC/MRCC_program.o
                               0x3708 (size before relaxing)
 .debug_str     0x00074f35      0x2bd ./src/MCAL/MNVIC/MNVIC_program.o
                               0x31af (size before relaxing)
 .debug_str     0x000751f2      0x529 ./src/MCAL/MGPIO/MGPIO_program.o
                               0x33d1 (size before relaxing)
 .debug_str     0x0007571b      0x449 ./src/MCAL/MEXTI/MEXTI_program.o
                               0x32f5 (size before relaxing)
 .debug_str     0x00075b64      0x48d ./src/MCAL/MDMA/MDMA_program.o
                               0x3325 (size before relaxing)
 .debug_str     0x00075ff1      0x2f7 ./src/HAL/DC_motor/DCMOTOR_program.o
                               0x35f6 (size before relaxing)
 .debug_str     0x000762e8       0x31 ./src/_initialize_hardware.o
                              0x6f921 (size before relaxing)
 .debug_str     0x00076319       0x47 ./src/main.o
                               0x3552 (size before relaxing)
 .debug_str     0x00076360       0x3d ./src/stm32f4xx_hal_msp.o
                              0x6f672 (size before relaxing)

.debug_loc      0x00000000     0x34eb
 *(.debug_loc)
 .debug_loc     0x00000000       0x92 ./system/src/stm32f4-hal/stm32f4xx_hal.o
 .debug_loc     0x00000092      0x73b ./system/src/stm32f4-hal/stm32f4xx_hal_cortex.o
 .debug_loc     0x000007cd      0x50a ./system/src/stm32f4-hal/stm32f4xx_hal_rcc.o
 .debug_loc     0x00000cd7       0x85 ./system/src/newlib/_sbrk.o
 .debug_loc     0x00000d5c      0x2cb ./system/src/newlib/_startup.o
 .debug_loc     0x00001027       0x63 ./system/src/newlib/_syscalls.o
 .debug_loc     0x0000108a      0x134 ./system/src/newlib/assert.o
 .debug_loc     0x000011be       0xf6 ./system/src/diag/Trace.o
 .debug_loc     0x000012b4      0x121 ./system/src/diag/trace_impl.o
 .debug_loc     0x000013d5      0x291 ./system/src/cortexm/exception_handlers.o
 .debug_loc     0x00001666      0x13e ./system/src/cmsis/system_stm32f4xx.o
 .debug_loc     0x000017a4       0x2a ./src/MCAL/MUART2/MUART2_program.o
 .debug_loc     0x000017ce       0x2a ./src/MCAL/MUART/MUART_program.o
 .debug_loc     0x000017f8      0x915 ./src/MCAL/MTIM2_5/MTIM2_5_program.o
 .debug_loc     0x0000210d       0xf5 ./src/MCAL/MTIM1/MTIM1_program.o
 .debug_loc     0x00002202       0x44 ./src/MCAL/MSTK/MSTK_program.o
 .debug_loc     0x00002246      0x340 ./src/MCAL/MRCC/MRCC_program.o
 .debug_loc     0x00002586      0x207 ./src/MCAL/MNVIC/MNVIC_program.o
 .debug_loc     0x0000278d      0x831 ./src/MCAL/MGPIO/MGPIO_program.o
 .debug_loc     0x00002fbe      0x1c0 ./src/MCAL/MEXTI/MEXTI_program.o
 .debug_loc     0x0000317e       0xfc ./src/MCAL/MDMA/MDMA_program.o
 .debug_loc     0x0000327a      0x271 ./src/HAL/DC_motor/DCMOTOR_program.o

.debug_macinfo
 *(.debug_macinfo)

.debug_weaknames
 *(.debug_weaknames)

.debug_funcnames
 *(.debug_funcnames)

.debug_typenames
 *(.debug_typenames)

.debug_varnames
 *(.debug_varnames)
OUTPUT(FPG.elf elf32-littlearm)

.debug_ranges   0x00000000      0x878
 .debug_ranges  0x00000000       0xb0 ./system/src/stm32f4-hal/stm32f4xx_hal.o
 .debug_ranges  0x000000b0       0xe8 ./system/src/stm32f4-hal/stm32f4xx_hal_cortex.o
 .debug_ranges  0x00000198       0x78 ./system/src/stm32f4-hal/stm32f4xx_hal_rcc.o
 .debug_ranges  0x00000210       0x18 ./system/src/newlib/_exit.o
 .debug_ranges  0x00000228       0x10 ./system/src/newlib/_sbrk.o
 .debug_ranges  0x00000238       0x90 ./system/src/newlib/_startup.o
 .debug_ranges  0x000002c8       0x20 ./system/src/newlib/_syscalls.o
 .debug_ranges  0x000002e8       0x18 ./system/src/newlib/assert.o
 .debug_ranges  0x00000300       0x28 ./system/src/diag/Trace.o
 .debug_ranges  0x00000328       0x50 ./system/src/diag/trace_impl.o
 .debug_ranges  0x00000378       0x18 ./system/src/cortexm/_initialize_hardware.o
 .debug_ranges  0x00000390       0x80 ./system/src/cortexm/exception_handlers.o
 .debug_ranges  0x00000410       0x18 ./system/src/cmsis/system_stm32f4xx.o
 .debug_ranges  0x00000428       0x10 ./system/src/cmsis/vectors_stm32f401xc.o
 .debug_ranges  0x00000438       0x50 ./src/MCAL/MUART2/MUART2_program.o
 .debug_ranges  0x00000488       0x50 ./src/MCAL/MUART/MUART_program.o
 .debug_ranges  0x000004d8       0xa8 ./src/MCAL/MTIM2_5/MTIM2_5_program.o
 .debug_ranges  0x00000580       0x40 ./src/MCAL/MTIM1/MTIM1_program.o
 .debug_ranges  0x000005c0       0x50 ./src/MCAL/MSTK/MSTK_program.o
 .debug_ranges  0x00000610       0x20 ./src/MCAL/MRCC/MRCC_program.o
 .debug_ranges  0x00000630       0x40 ./src/MCAL/MNVIC/MNVIC_program.o
 .debug_ranges  0x00000670       0x50 ./src/MCAL/MGPIO/MGPIO_program.o
 .debug_ranges  0x000006c0       0x68 ./src/MCAL/MEXTI/MEXTI_program.o
 .debug_ranges  0x00000728       0xc8 ./src/MCAL/MDMA/MDMA_program.o
 .debug_ranges  0x000007f0       0x28 ./src/HAL/DC_motor/DCMOTOR_program.o
 .debug_ranges  0x00000818       0x18 ./src/_initialize_hardware.o
 .debug_ranges  0x00000830       0x20 ./src/main.o
 .debug_ranges  0x00000850       0x28 ./src/stm32f4xx_hal_msp.o

.debug_macro    0x00000000    0x15a2a
 .debug_macro   0x00000000      0x532 ./system/src/stm32f4-hal/stm32f4xx_hal.o
 .debug_macro   0x00000532      0xa6c ./system/src/stm32f4-hal/stm32f4xx_hal.o
 .debug_macro   0x00000f9e      0x289 ./system/src/stm32f4-hal/stm32f4xx_hal.o
 .debug_macro   0x00001227       0x31 ./system/src/stm32f4-hal/stm32f4xx_hal.o
 .debug_macro   0x00001258       0x28 ./system/src/stm32f4-hal/stm32f4xx_hal.o
 .debug_macro   0x00001280      0x34e ./system/src/stm32f4-hal/stm32f4xx_hal.o
 .debug_macro   0x000015ce       0x35 ./system/src/stm32f4-hal/stm32f4xx_hal.o
 .debug_macro   0x00001603       0x50 ./system/src/stm32f4-hal/stm32f4xx_hal.o
 .debug_macro   0x00001653      0xe66 ./system/src/stm32f4-hal/stm32f4xx_hal.o
 .debug_macro   0x000024b9     0x5099 ./system/src/stm32f4-hal/stm32f4xx_hal.o
 .debug_macro   0x00007552       0x43 ./system/src/stm32f4-hal/stm32f4xx_hal.o
 .debug_macro   0x00007595     0x347f ./system/src/stm32f4-hal/stm32f4xx_hal.o
 .debug_macro   0x0000aa14       0x22 ./system/src/stm32f4-hal/stm32f4xx_hal.o
 .debug_macro   0x0000aa36       0x52 ./system/src/stm32f4-hal/stm32f4xx_hal.o
 .debug_macro   0x0000aa88       0x17 ./system/src/stm32f4-hal/stm32f4xx_hal.o
 .debug_macro   0x0000aa9f       0x8d ./system/src/stm32f4-hal/stm32f4xx_hal.o
 .debug_macro   0x0000ab2c       0x35 ./system/src/stm32f4-hal/stm32f4xx_hal.o
 .debug_macro   0x0000ab61       0x9c ./system/src/stm32f4-hal/stm32f4xx_hal.o
 .debug_macro   0x0000abfd       0x16 ./system/src/stm32f4-hal/stm32f4xx_hal.o
 .debug_macro   0x0000ac13       0x57 ./system/src/stm32f4-hal/stm32f4xx_hal.o
 .debug_macro   0x0000ac6a       0x97 ./system/src/stm32f4-hal/stm32f4xx_hal.o
 .debug_macro   0x0000ad01      0x330 ./system/src/stm32f4-hal/stm32f4xx_hal.o
 .debug_macro   0x0000b031       0xfd ./system/src/stm32f4-hal/stm32f4xx_hal.o
 .debug_macro   0x0000b12e       0x10 ./system/src/stm32f4-hal/stm32f4xx_hal.o
 .debug_macro   0x0000b13e       0x58 ./system/src/stm32f4-hal/stm32f4xx_hal.o
 .debug_macro   0x0000b196       0x1f ./system/src/stm32f4-hal/stm32f4xx_hal.o
 .debug_macro   0x0000b1b5       0x43 ./system/src/stm32f4-hal/stm32f4xx_hal.o
 .debug_macro   0x0000b1f8       0x20 ./system/src/stm32f4-hal/stm32f4xx_hal.o
 .debug_macro   0x0000b218      0x18e ./system/src/stm32f4-hal/stm32f4xx_hal.o
 .debug_macro   0x0000b3a6       0x10 ./system/src/stm32f4-hal/stm32f4xx_hal.o
 .debug_macro   0x0000b3b6       0x6a ./system/src/stm32f4-hal/stm32f4xx_hal.o
 .debug_macro   0x0000b420       0x1c ./system/src/stm32f4-hal/stm32f4xx_hal.o
 .debug_macro   0x0000b43c       0x52 ./system/src/stm32f4-hal/stm32f4xx_hal.o
 .debug_macro   0x0000b48e       0x40 ./system/src/stm32f4-hal/stm32f4xx_hal.o
 .debug_macro   0x0000b4ce       0x10 ./system/src/stm32f4-hal/stm32f4xx_hal.o
 .debug_macro   0x0000b4de       0x40 ./system/src/stm32f4-hal/stm32f4xx_hal.o
 .debug_macro   0x0000b51e       0xd7 ./system/src/stm32f4-hal/stm32f4xx_hal.o
 .debug_macro   0x0000b5f5       0x1c ./system/src/stm32f4-hal/stm32f4xx_hal.o
 .debug_macro   0x0000b611       0x3d ./system/src/stm32f4-hal/stm32f4xx_hal.o
 .debug_macro   0x0000b64e       0x16 ./system/src/stm32f4-hal/stm32f4xx_hal.o
 .debug_macro   0x0000b664      0x16f ./system/src/stm32f4-hal/stm32f4xx_hal.o
 .debug_macro   0x0000b7d3       0x57 ./system/src/stm32f4-hal/stm32f4xx_hal.o
 .debug_macro   0x0000b82a      0x424 ./system/src/stm32f4-hal/stm32f4xx_hal.o
 .debug_macro   0x0000bc4e      0x9e1 ./system/src/stm32f4-hal/stm32f4xx_hal.o
 .debug_macro   0x0000c62f      0x11e ./system/src/stm32f4-hal/stm32f4xx_hal.o
 .debug_macro   0x0000c74d       0xf8 ./system/src/stm32f4-hal/stm32f4xx_hal.o
 .debug_macro   0x0000c845       0x27 ./system/src/stm32f4-hal/stm32f4xx_hal.o
 .debug_macro   0x0000c86c      0x287 ./system/src/stm32f4-hal/stm32f4xx_hal.o
 .debug_macro   0x0000caf3       0x5f ./system/src/stm32f4-hal/stm32f4xx_hal.o
 .debug_macro   0x0000cb52      0x23a ./system/src/stm32f4-hal/stm32f4xx_hal.o
 .debug_macro   0x0000cd8c      0x391 ./system/src/stm32f4-hal/stm32f4xx_hal.o
 .debug_macro   0x0000d11d      0x16f ./system/src/stm32f4-hal/stm32f4xx_hal.o
 .debug_macro   0x0000d28c       0xf9 ./system/src/stm32f4-hal/stm32f4xx_hal.o
 .debug_macro   0x0000d385       0x23 ./system/src/stm32f4-hal/stm32f4xx_hal.o
 .debug_macro   0x0000d3a8      0x13a ./system/src/stm32f4-hal/stm32f4xx_hal.o
 .debug_macro   0x0000d4e2      0x23a ./system/src/stm32f4-hal/stm32f4xx_hal.o
 .debug_macro   0x0000d71c       0x2e ./system/src/stm32f4-hal/stm32f4xx_hal.o
 .debug_macro   0x0000d74a      0x1a7 ./system/src/stm32f4-hal/stm32f4xx_hal.o
 .debug_macro   0x0000d8f1       0x22 ./system/src/stm32f4-hal/stm32f4xx_hal.o
 .debug_macro   0x0000d913       0xa5 ./system/src/stm32f4-hal/stm32f4xx_hal.o
 .debug_macro   0x0000d9b8      0x18b ./system/src/stm32f4-hal/stm32f4xx_hal.o
 .debug_macro   0x0000db43       0x24 ./system/src/stm32f4-hal/stm32f4xx_hal.o
 .debug_macro   0x0000db67       0x35 ./system/src/stm32f4-hal/stm32f4xx_hal.o
 .debug_macro   0x0000db9c       0x79 ./system/src/stm32f4-hal/stm32f4xx_hal.o
 .debug_macro   0x0000dc15      0x11e ./system/src/stm32f4-hal/stm32f4xx_hal.o
 .debug_macro   0x0000dd33       0x85 ./system/src/stm32f4-hal/stm32f4xx_hal.o
 .debug_macro   0x0000ddb8       0x89 ./system/src/stm32f4-hal/stm32f4xx_hal.o
 .debug_macro   0x0000de41      0x31a ./system/src/stm32f4-hal/stm32f4xx_hal.o
 .debug_macro   0x0000e15b      0x409 ./system/src/stm32f4-hal/stm32f4xx_hal.o
 .debug_macro   0x0000e564       0xe4 ./system/src/stm32f4-hal/stm32f4xx_hal.o
 .debug_macro   0x0000e648      0x48d ./system/src/stm32f4-hal/stm32f4xx_hal.o
 .debug_macro   0x0000ead5      0x22b ./system/src/stm32f4-hal/stm32f4xx_hal.o
 .debug_macro   0x0000ed00      0x202 ./system/src/stm32f4-hal/stm32f4xx_hal.o
 .debug_macro   0x0000ef02      0x6d9 ./system/src/stm32f4-hal/stm32f4xx_hal.o
 .debug_macro   0x0000f5db       0x5b ./system/src/stm32f4-hal/stm32f4xx_hal.o
 .debug_macro   0x0000f636      0x14d ./system/src/stm32f4-hal/stm32f4xx_hal.o
 .debug_macro   0x0000f783      0x287 ./system/src/stm32f4-hal/stm32f4xx_hal.o
 .debug_macro   0x0000fa0a      0x225 ./system/src/stm32f4-hal/stm32f4xx_hal.o
 .debug_macro   0x0000fc2f      0x1b5 ./system/src/stm32f4-hal/stm32f4xx_hal.o
 .debug_macro   0x0000fde4      0x2db ./system/src/stm32f4-hal/stm32f4xx_hal.o
 .debug_macro   0x000100bf       0x89 ./system/src/stm32f4-hal/stm32f4xx_hal.o
 .debug_macro   0x00010148      0x1df ./system/src/stm32f4-hal/stm32f4xx_hal.o
 .debug_macro   0x00010327      0x115 ./system/src/stm32f4-hal/stm32f4xx_hal.o
 .debug_macro   0x0001043c       0x6e ./system/src/stm32f4-hal/stm32f4xx_hal.o
 .debug_macro   0x000104aa      0x11e ./system/src/stm32f4-hal/stm32f4xx_hal.o
 .debug_macro   0x000105c8      0x4e4 ./system/src/stm32f4-hal/stm32f4xx_hal_cortex.o
 .debug_macro   0x00010aac      0x50e ./system/src/stm32f4-hal/stm32f4xx_hal_rcc.o
 .debug_macro   0x00010fba      0x1b4 ./system/src/newlib/_exit.o
 .debug_macro   0x0001116e      0x10e ./system/src/newlib/_exit.o
 .debug_macro   0x0001127c       0x8d ./system/src/newlib/_exit.o
 .debug_macro   0x00011309       0x35 ./system/src/newlib/_exit.o
 .debug_macro   0x0001133e      0x169 ./system/src/newlib/_sbrk.o
 .debug_macro   0x000114a7      0x174 ./system/src/newlib/_sbrk.o
 .debug_macro   0x0001161b       0x10 ./system/src/newlib/_sbrk.o
 .debug_macro   0x0001162b      0x23b ./system/src/newlib/_sbrk.o
 .debug_macro   0x00011866      0x173 ./system/src/newlib/_startup.o
 .debug_macro   0x000119d9      0xa72 ./system/src/newlib/_startup.o
 .debug_macro   0x0001244b      0x217 ./system/src/newlib/_syscalls.o
 .debug_macro   0x00012662       0x1c ./system/src/newlib/_syscalls.o
 .debug_macro   0x0001267e       0x10 ./system/src/newlib/_syscalls.o
 .debug_macro   0x0001268e       0x10 ./system/src/newlib/_syscalls.o
 .debug_macro   0x0001269e       0x10 ./system/src/newlib/_syscalls.o
 .debug_macro   0x000126ae       0x35 ./system/src/newlib/_syscalls.o
 .debug_macro   0x000126e3      0x122 ./system/src/newlib/_syscalls.o
 .debug_macro   0x00012805       0x88 ./system/src/newlib/_syscalls.o
 .debug_macro   0x0001288d       0x2b ./system/src/newlib/_syscalls.o
 .debug_macro   0x000128b8      0x118 ./system/src/newlib/_syscalls.o
 .debug_macro   0x000129d0      0x189 ./system/src/newlib/_syscalls.o
 .debug_macro   0x00012b59       0x16 ./system/src/newlib/_syscalls.o
 .debug_macro   0x00012b6f      0x1d0 ./system/src/newlib/assert.o
 .debug_macro   0x00012d3f       0x1c ./system/src/newlib/assert.o
 .debug_macro   0x00012d5b      0x1fb ./system/src/diag/Trace.o
 .debug_macro   0x00012f56       0x4c ./system/src/diag/Trace.o
 .debug_macro   0x00012fa2       0x16 ./system/src/diag/Trace.o
 .debug_macro   0x00012fb8      0x52a ./system/src/diag/trace_impl.o
 .debug_macro   0x000134e2       0x22 ./system/src/diag/trace_impl.o
 .debug_macro   0x00013504      0x4ee ./system/src/cortexm/_initialize_hardware.o
 .debug_macro   0x000139f2      0x557 ./system/src/cortexm/exception_handlers.o
 .debug_macro   0x00013f49       0x3b ./system/src/cortexm/exception_handlers.o
 .debug_macro   0x00013f84      0x4ea ./system/src/cmsis/system_stm32f4xx.o
 .debug_macro   0x0001446e       0x34 ./system/src/cmsis/vectors_stm32f401xc.o
 .debug_macro   0x000144a2       0x4a ./src/MCAL/MUART2/MUART2_program.o
 .debug_macro   0x000144ec       0x1c ./src/MCAL/MUART2/MUART2_program.o
 .debug_macro   0x00014508       0x1c ./src/MCAL/MUART2/MUART2_program.o
 .debug_macro   0x00014524       0x16 ./src/MCAL/MUART2/MUART2_program.o
 .debug_macro   0x0001453a       0x4a ./src/MCAL/MUART/MUART_program.o
 .debug_macro   0x00014584       0x16 ./src/MCAL/MUART/MUART_program.o
 .debug_macro   0x0001459a       0x48 ./src/MCAL/MTIM2_5/MTIM2_5_program.o
 .debug_macro   0x000145e2      0x184 ./src/MCAL/MTIM2_5/MTIM2_5_program.o
 .debug_macro   0x00014766       0x6a ./src/MCAL/MTIM2_5/MTIM2_5_program.o
 .debug_macro   0x000147d0       0x3a ./src/MCAL/MTIM2_5/MTIM2_5_program.o
 .debug_macro   0x0001480a       0x48 ./src/MCAL/MTIM1/MTIM1_program.o
 .debug_macro   0x00014852      0x12a ./src/MCAL/MTIM1/MTIM1_program.o
 .debug_macro   0x0001497c       0x16 ./src/MCAL/MTIM1/MTIM1_program.o
 .debug_macro   0x00014992       0x16 ./src/MCAL/MTIM1/MTIM1_program.o
 .debug_macro   0x000149a8       0x48 ./src/MCAL/MSTK/MSTK_program.o
 .debug_macro   0x000149f0       0x2e ./src/MCAL/MSTK/MSTK_program.o
 .debug_macro   0x00014a1e       0x10 ./src/MCAL/MSTK/MSTK_program.o
 .debug_macro   0x00014a2e       0x16 ./src/MCAL/MSTK/MSTK_program.o
 .debug_macro   0x00014a44       0x47 ./src/MCAL/MRCC/MRCC_program.o
 .debug_macro   0x00014a8b       0x6a ./src/MCAL/MRCC/MRCC_program.o
 .debug_macro   0x00014af5       0x64 ./src/MCAL/MRCC/MRCC_program.o
 .debug_macro   0x00014b59       0x1c ./src/MCAL/MRCC/MRCC_program.o
 .debug_macro   0x00014b75       0x8e ./src/MCAL/MRCC/MRCC_program.o
 .debug_macro   0x00014c03       0x4a ./src/MCAL/MNVIC/MNVIC_program.o
 .debug_macro   0x00014c4d       0x22 ./src/MCAL/MNVIC/MNVIC_program.o
 .debug_macro   0x00014c6f       0x49 ./src/MCAL/MGPIO/MGPIO_program.o
 .debug_macro   0x00014cb8       0xd6 ./src/MCAL/MGPIO/MGPIO_program.o
 .debug_macro   0x00014d8e       0x2e ./src/MCAL/MGPIO/MGPIO_program.o
 .debug_macro   0x00014dbc       0x49 ./src/MCAL/MEXTI/MEXTI_program.o
 .debug_macro   0x00014e05       0x2e ./src/MCAL/MEXTI/MEXTI_program.o
 .debug_macro   0x00014e33       0x34 ./src/MCAL/MEXTI/MEXTI_program.o
 .debug_macro   0x00014e67       0x49 ./src/MCAL/MDMA/MDMA_program.o
 .debug_macro   0x00014eb0       0x3a ./src/MCAL/MDMA/MDMA_program.o
 .debug_macro   0x00014eea       0x22 ./src/MCAL/MDMA/MDMA_program.o
 .debug_macro   0x00014f0c       0x5b ./src/HAL/DC_motor/DCMOTOR_program.o
 .debug_macro   0x00014f67       0x2e ./src/HAL/DC_motor/DCMOTOR_program.o
 .debug_macro   0x00014f95       0x5e ./src/HAL/DC_motor/DCMOTOR_program.o
 .debug_macro   0x00014ff3      0x4e4 ./src/_initialize_hardware.o
 .debug_macro   0x000154d7       0x6f ./src/main.o
 .debug_macro   0x00015546      0x4e4 ./src/stm32f4xx_hal_msp.o
